../Src/Bai1.c:69:5:main	16	static
../Src/Bai1.c:107:6:AppInitCommon	8	static
../Src/Bai1.c:131:13:Led_Init	16	static
../Src/Bai1.c:151:13:Button_Init	16	static
../Src/Bai1.c:171:13:I2C_InitSlave	40	static
../Src/Bai1.c:225:13:I2C_InitMaster	32	static
../Src/Bai1.c:273:6:I2C_Start	8	static
../Src/Bai1.c:288:6:I2C_SendAddress	16	static
../Src/Bai1.c:301:6:I2C_TransmitData	16	static
../Src/Bai1.c:318:6:I2C_Stop	8	static
../Src/Bai1.c:330:6:I2C1_EV_IRQHandler	8	static
../Src/Bai1.c:363:6:Delay_ms	24	static
