Archive member included to satisfy reference by file (symbol)

C:\Users\XuanThang\Desktop\SDK_1.0.3_NUCLEO-F401RE-20260225T073314Z-1-001\SDK_1.0.3_NUCLEO-F401RE\lib_stm\libLibraries.a(misc.o)
                              ./Src/Bai2.o (NVIC_Init)
C:\Users\XuanThang\Desktop\SDK_1.0.3_NUCLEO-F401RE-20260225T073314Z-1-001\SDK_1.0.3_NUCLEO-F401RE\lib_stm\libLibraries.a(stm32f401re_gpio.o)
                              ./Src/Bai2.o (GPIO_Init)
C:\Users\XuanThang\Desktop\SDK_1.0.3_NUCLEO-F401RE-20260225T073314Z-1-001\SDK_1.0.3_NUCLEO-F401RE\lib_stm\libLibraries.a(stm32f401re_exti.o)
                              ./Src/Bai2.o (EXTI_Init)
C:\Users\XuanThang\Desktop\SDK_1.0.3_NUCLEO-F401RE-20260225T073314Z-1-001\SDK_1.0.3_NUCLEO-F401RE\lib_stm\libLibraries.a(stm32f401re_syscfg.o)
                              ./Src/Bai2.o (SYSCFG_EXTILineConfig)
C:/ST/STM32CubeIDE_2.0.0/STM32CubeIDE/plugins/com.st.stm32cube.ide.mcu.externaltools.gnu-tools-for-stm32.13.3.rel1.win32_1.0.100.202509120712/tools/bin/../lib/gcc/arm-none-eabi/13.3.1/../../../../arm-none-eabi/lib/thumb/v7e-m+fp/hard\libc_nano.a(libc_a-exit.o)
                              C:/ST/STM32CubeIDE_2.0.0/STM32CubeIDE/plugins/com.st.stm32cube.ide.mcu.externaltools.gnu-tools-for-stm32.13.3.rel1.win32_1.0.100.202509120712/tools/bin/../lib/gcc/arm-none-eabi/13.3.1/../../../../arm-none-eabi/lib/thumb/v7e-m+fp/hard/crt0.o (exit)
C:/ST/STM32CubeIDE_2.0.0/STM32CubeIDE/plugins/com.st.stm32cube.ide.mcu.externaltools.gnu-tools-for-stm32.13.3.rel1.win32_1.0.100.202509120712/tools/bin/../lib/gcc/arm-none-eabi/13.3.1/../../../../arm-none-eabi/lib/thumb/v7e-m+fp/hard\libc_nano.a(libc_a-findfp.o)
                              C:/ST/STM32CubeIDE_2.0.0/STM32CubeIDE/plugins/com.st.stm32cube.ide.mcu.externaltools.gnu-tools-for-stm32.13.3.rel1.win32_1.0.100.202509120712/tools/bin/../lib/gcc/arm-none-eabi/13.3.1/../../../../arm-none-eabi/lib/thumb/v7e-m+fp/hard\libc_nano.a(libc_a-exit.o) (__stdio_exit_handler)
C:/ST/STM32CubeIDE_2.0.0/STM32CubeIDE/plugins/com.st.stm32cube.ide.mcu.externaltools.gnu-tools-for-stm32.13.3.rel1.win32_1.0.100.202509120712/tools/bin/../lib/gcc/arm-none-eabi/13.3.1/../../../../arm-none-eabi/lib/thumb/v7e-m+fp/hard\libc_nano.a(libc_a-fwalk.o)
                              C:/ST/STM32CubeIDE_2.0.0/STM32CubeIDE/plugins/com.st.stm32cube.ide.mcu.externaltools.gnu-tools-for-stm32.13.3.rel1.win32_1.0.100.202509120712/tools/bin/../lib/gcc/arm-none-eabi/13.3.1/../../../../arm-none-eabi/lib/thumb/v7e-m+fp/hard\libc_nano.a(libc_a-findfp.o) (_fwalk_sglue)
C:/ST/STM32CubeIDE_2.0.0/STM32CubeIDE/plugins/com.st.stm32cube.ide.mcu.externaltools.gnu-tools-for-stm32.13.3.rel1.win32_1.0.100.202509120712/tools/bin/../lib/gcc/arm-none-eabi/13.3.1/../../../../arm-none-eabi/lib/thumb/v7e-m+fp/hard\libc_nano.a(libc_a-stdio.o)
                              C:/ST/STM32CubeIDE_2.0.0/STM32CubeIDE/plugins/com.st.stm32cube.ide.mcu.externaltools.gnu-tools-for-stm32.13.3.rel1.win32_1.0.100.202509120712/tools/bin/../lib/gcc/arm-none-eabi/13.3.1/../../../../arm-none-eabi/lib/thumb/v7e-m+fp/hard\libc_nano.a(libc_a-findfp.o) (__sread)
C:/ST/STM32CubeIDE_2.0.0/STM32CubeIDE/plugins/com.st.stm32cube.ide.mcu.externaltools.gnu-tools-for-stm32.13.3.rel1.win32_1.0.100.202509120712/tools/bin/../lib/gcc/arm-none-eabi/13.3.1/../../../../arm-none-eabi/lib/thumb/v7e-m+fp/hard\libc_nano.a(libc_a-memset.o)
                              C:/ST/STM32CubeIDE_2.0.0/STM32CubeIDE/plugins/com.st.stm32cube.ide.mcu.externaltools.gnu-tools-for-stm32.13.3.rel1.win32_1.0.100.202509120712/tools/bin/../lib/gcc/arm-none-eabi/13.3.1/../../../../arm-none-eabi/lib/thumb/v7e-m+fp/hard/crt0.o (memset)
C:/ST/STM32CubeIDE_2.0.0/STM32CubeIDE/plugins/com.st.stm32cube.ide.mcu.externaltools.gnu-tools-for-stm32.13.3.rel1.win32_1.0.100.202509120712/tools/bin/../lib/gcc/arm-none-eabi/13.3.1/../../../../arm-none-eabi/lib/thumb/v7e-m+fp/hard\libc_nano.a(libc_a-closer.o)
                              C:/ST/STM32CubeIDE_2.0.0/STM32CubeIDE/plugins/com.st.stm32cube.ide.mcu.externaltools.gnu-tools-for-stm32.13.3.rel1.win32_1.0.100.202509120712/tools/bin/../lib/gcc/arm-none-eabi/13.3.1/../../../../arm-none-eabi/lib/thumb/v7e-m+fp/hard\libc_nano.a(libc_a-stdio.o) (_close_r)
C:/ST/STM32CubeIDE_2.0.0/STM32CubeIDE/plugins/com.st.stm32cube.ide.mcu.externaltools.gnu-tools-for-stm32.13.3.rel1.win32_1.0.100.202509120712/tools/bin/../lib/gcc/arm-none-eabi/13.3.1/../../../../arm-none-eabi/lib/thumb/v7e-m+fp/hard\libc_nano.a(libc_a-reent.o)
                              C:/ST/STM32CubeIDE_2.0.0/STM32CubeIDE/plugins/com.st.stm32cube.ide.mcu.externaltools.gnu-tools-for-stm32.13.3.rel1.win32_1.0.100.202509120712/tools/bin/../lib/gcc/arm-none-eabi/13.3.1/../../../../arm-none-eabi/lib/thumb/v7e-m+fp/hard\libc_nano.a(libc_a-closer.o) (errno)
[...]
Memory Configuration

Name             Origin             Length             Attributes
RAM              0x20000000         0x00018000         xrw
FLASH            0x08000000         0x00080000         xr
*default*        0x00000000         0xffffffff

Linker script and memory map

LOAD C:/ST/STM32CubeIDE_2.0.0/STM32CubeIDE/plugins/com.st.stm32cube.ide.mcu.externaltools.gnu-tools-for-stm32.13.3.rel1.win32_1.0.100.202509120712/tools/bin/../lib/gcc/arm-none-eabi/13.3.1/thumb/v7e-m+fp/hard/crti.o
LOAD C:/ST/STM32CubeIDE_2.0.0/STM32CubeIDE/plugins/com.st.stm32cube.ide.mcu.externaltools.gnu-tools-for-stm32.13.3.rel1.win32_1.0.100.202509120712/tools/bin/../lib/gcc/arm-none-eabi/13.3.1/thumb/v7e-m+fp/hard/crtbegin.o
LOAD C:/ST/STM32CubeIDE_2.0.0/STM32CubeIDE/plugins/com.st.stm32cube.ide.mcu.externaltools.gnu-tools-for-stm32.13.3.rel1.win32_1.0.100.202509120712/tools/bin/../lib/gcc/arm-none-eabi/13.3.1/../../../../arm-none-eabi/lib/thumb/v7e-m+fp/hard/crt0.o
LOAD ./SDK_1.0.3_NUCLEO-F401RE-20260225T073314Z-1-001/SDK_1.0.3_NUCLEO-F401RE/shared/Drivers/CMSIS/Source/system_stm32f4xx.o
LOAD ./SDK_1.0.3_NUCLEO-F401RE-20260225T073314Z-1-001/SDK_1.0.3_NUCLEO-F401RE/shared/Drivers/STM32F401RE_StdPeriph_Driver/src/stm32f401re_rcc.o
LOAD ./SDK_1.0.3_NUCLEO-F401RE-20260225T073314Z-1-001/SDK_1.0.3_NUCLEO-F401RE/shared/Utilities/buff.o
LOAD ./SDK_1.0.3_NUCLEO-F401RE-20260225T073314Z-1-001/SDK_1.0.3_NUCLEO-F401RE/shared/Utilities/utilities.o
LOAD ./Src/Bai2.o
LOAD ./Src/syscalls.o
LOAD ./Src/sysmem.o
LOAD ./Startup/startup_stm32f401retx.o
LOAD C:\Users\XuanThang\Desktop\SDK_1.0.3_NUCLEO-F401RE-20260225T073314Z-1-001\SDK_1.0.3_NUCLEO-F401RE\lib_stm\libLibraries.a
START GROUP
LOAD C:/ST/STM32CubeIDE_2.0.0/STM32CubeIDE/plugins/com.st.stm32cube.ide.mcu.externaltools.gnu-tools-for-stm32.13.3.rel1.win32_1.0.100.202509120712/tools/bin/../lib/gcc/arm-none-eabi/13.3.1/../../../../arm-none-eabi/lib/thumb/v7e-m+fp/hard\libc_nano.a
LOAD C:/ST/STM32CubeIDE_2.0.0/STM32CubeIDE/plugins/com.st.stm32cube.ide.mcu.externaltools.gnu-tools-for-stm32.13.3.rel1.win32_1.0.100.202509120712/tools/bin/../lib/gcc/arm-none-eabi/13.3.1/../../../../arm-none-eabi/lib/thumb/v7e-m+fp/hard\libm.a
END GROUP
START GROUP
LOAD C:/ST/STM32CubeIDE_2.0.0/STM32CubeIDE/plugins/com.st.stm32cube.ide.mcu.externaltools.gnu-tools-for-stm32.13.3.rel1.win32_1.0.100.202509120712/tools/bin/../lib/gcc/arm-none-eabi/13.3.1/thumb/v7e-m+fp/hard\libgcc.a
LOAD C:/ST/STM32CubeIDE_2.0.0/STM32CubeIDE/plugins/com.st.stm32cube.ide.mcu.externaltools.gnu-tools-for-stm32.13.3.rel1.win32_1.0.100.202509120712/tools/bin/../lib/gcc/arm-none-eabi/13.3.1/../../../../arm-none-eabi/lib/thumb/v7e-m+fp/hard\libc_nano.a
END GROUP
START GROUP
LOAD C:/ST/STM32CubeIDE_2.0.0/STM32CubeIDE/plugins/com.st.stm32cube.ide.mcu.externaltools.gnu-tools-for-stm32.13.3.rel1.win32_1.0.100.202509120712/tools/bin/../lib/gcc/arm-none-eabi/13.3.1/thumb/v7e-m+fp/hard\libgcc.a
LOAD C:/ST/STM32CubeIDE_2.0.0/STM32CubeIDE/plugins/com.st.stm32cube.ide.mcu.externaltools.gnu-tools-for-stm32.13.3.rel1.win32_1.0.100.202509120712/tools/bin/../lib/gcc/arm-none-eabi/13.3.1/../../../../arm-none-eabi/lib/thumb/v7e-m+fp/hard\libc_nano.a
LOAD C:/ST/STM32CubeIDE_2.0.0/STM32CubeIDE/plugins/com.st.stm32cube.ide.mcu.externaltools.gnu-tools-for-stm32.13.3.rel1.win32_1.0.100.202509120712/tools/bin/../lib/gcc/arm-none-eabi/13.3.1/../../../../arm-none-eabi/lib/thumb/v7e-m+fp/hard\libnosys.a
END GROUP
START GROUP
LOAD C:/ST/STM32CubeIDE_2.0.0/STM32CubeIDE/plugins/com.st.stm32cube.ide.mcu.externaltools.gnu-tools-for-stm32.13.3.rel1.win32_1.0.100.202509120712/tools/bin/../lib/gcc/arm-none-eabi/13.3.1/thumb/v7e-m+fp/hard\libgcc.a
LOAD C:/ST/STM32CubeIDE_2.0.0/STM32CubeIDE/plugins/com.st.stm32cube.ide.mcu.externaltools.gnu-tools-for-stm32.13.3.rel1.win32_1.0.100.202509120712/tools/bin/../lib/gcc/arm-none-eabi/13.3.1/../../../../arm-none-eabi/lib/thumb/v7e-m+fp/hard\libc_nano.a
LOAD C:/ST/STM32CubeIDE_2.0.0/STM32CubeIDE/plugins/com.st.stm32cube.ide.mcu.externaltools.gnu-tools-for-stm32.13.3.rel1.win32_1.0.100.202509120712/tools/bin/../lib/gcc/arm-none-eabi/13.3.1/../../../../arm-none-eabi/lib/thumb/v7e-m+fp/hard\libnosys.a
END GROUP
LOAD C:/ST/STM32CubeIDE_2.0.0/STM32CubeIDE/plugins/com.st.stm32cube.ide.mcu.externaltools.gnu-tools-for-stm32.13.3.rel1.win32_1.0.100.202509120712/tools/bin/../lib/gcc/arm-none-eabi/13.3.1/thumb/v7e-m+fp/hard/crtend.o
LOAD C:/ST/STM32CubeIDE_2.0.0/STM32CubeIDE/plugins/com.st.stm32cube.ide.mcu.externaltools.gnu-tools-for-stm32.13.3.rel1.win32_1.0.100.202509120712/tools/bin/../lib/gcc/arm-none-eabi/13.3.1/thumb/v7e-m+fp/hard/crtn.o
                0x20018000                        _estack = (ORIGIN (RAM) + LENGTH (RAM))
                0x00000200                        _Min_Heap_Size = 0x200
                0x00000400                        _Min_Stack_Size = 0x400

.isr_vector     0x08000000      0x194
                0x08000000                        . = ALIGN (0x4)
 *(.isr_vector)
 .isr_vector    0x08000000      0x194 ./Startup/startup_stm32f401retx.o
                0x08000000                g_pfnVectors
                0x08000194                        . = ALIGN (0x4)

.text           0x08000194      0x8a8
                0x08000194                        . = ALIGN (0x4)
 *(.text)
 .text          0x08000194       0x40 C:/ST/STM32CubeIDE_2.0.0/STM32CubeIDE/plugins/com.st.stm32cube.ide.mcu.externaltools.gnu-tools-for-stm32.13.3.rel1.win32_1.0.100.202509120712/tools/bin/../lib/gcc/arm-none-eabi/13.3.1/thumb/v7e-m+fp/hard/crtbegin.o
 *(.text*)
 .text.SystemInit
                0x080001d4       0x6c ./SDK_1.0.3_NUCLEO-F401RE-20260225T073314Z-1-001/SDK_1.0.3_NUCLEO-F401RE/shared/Drivers/CMSIS/Source/system_stm32f4xx.o
                0x080001d4                SystemInit
 .text.SystemCoreClockUpdate
                0x08000240      0x104 ./SDK_1.0.3_NUCLEO-F401RE-20260225T073314Z-1-001/SDK_1.0.3_NUCLEO-F401RE/shared/Drivers/CMSIS/Source/system_stm32f4xx.o
                0x08000240                SystemCoreClockUpdate
 .text.SetSysClock
                0x08000344       0xa4 ./SDK_1.0.3_NUCLEO-F401RE-20260225T073314Z-1-001/SDK_1.0.3_NUCLEO-F401RE/shared/Drivers/CMSIS/Source/system_stm32f4xx.o
 .text.RCC_AHB1PeriphClockCmd
                0x080003e8       0x40 ./SDK_1.0.3_NUCLEO-F401RE-20260225T073314Z-1-001/SDK_1.0.3_NUCLEO-F401RE/shared/Drivers/STM32F401RE_StdPeriph_Driver/src/stm32f401re_rcc.o
                0x080003e8                RCC_AHB1PeriphClockCmd
 .text.RCC_APB2PeriphClockCmd
                0x08000428       0x40 ./SDK_1.0.3_NUCLEO-F401RE-20260225T073314Z-1-001/SDK_1.0.3_NUCLEO-F401RE/shared/Drivers/STM32F401RE_StdPeriph_Driver/src/stm32f401re_rcc.o
                0x08000428                RCC_APB2PeriphClockCmd
 .text.EXTI3_IRQHandler
                0x08000468       0x34 ./Src/Bai2.o
                0x08000468                EXTI3_IRQHandler
 .text.main     0x0800049c       0x3c ./Src/Bai2.o
                0x0800049c                main
 .text.Led_Init
                0x080004d8       0x38 ./Src/Bai2.o
 .text.Interrupt_Init
                0x08000510       0x7c ./Src/Bai2.o
 .text.delay    0x0800058c       0x2c ./Src/Bai2.o
 .text.LedControl_Status
                0x080005b8       0x34 ./Src/Bai2.o
 .text.Reset_Handler
                0x080005ec       0x50 ./Startup/startup_stm32f401retx.o
                0x080005ec                Reset_Handler
 .text.Default_Handler
                0x0800063c        0x2 ./Startup/startup_stm32f401retx.o
                0x0800063c                EXTI2_IRQHandler
                0x0800063c                DebugMon_Handler
                0x0800063c                SPI4_IRQHandler
                0x0800063c                TIM1_CC_IRQHandler
                0x0800063c                DMA2_Stream5_IRQHandler
                0x0800063c                HardFault_Handler
                0x0800063c                DMA1_Stream5_IRQHandler
                0x0800063c                SysTick_Handler
                0x0800063c                SDIO_IRQHandler
                0x0800063c                TAMP_STAMP_IRQHandler
                0x0800063c                PendSV_Handler
                0x0800063c                NMI_Handler
                0x0800063c                TIM1_UP_TIM10_IRQHandler
                0x0800063c                I2C3_ER_IRQHandler
                0x0800063c                EXTI18_OTG_FS_WKUP_IRQHandler
                0x0800063c                EXTI0_IRQHandler
                0x0800063c                I2C2_EV_IRQHandler
                0x0800063c                DMA1_Stream2_IRQHandler
                0x0800063c                UsageFault_Handler
                0x0800063c                DMA2_Stream2_IRQHandler
                0x0800063c                SPI1_IRQHandler
                0x0800063c                TIM1_BRK_TIM9_IRQHandler
                0x0800063c                DMA2_Stream3_IRQHandler
                0x0800063c                USART6_IRQHandler
                0x0800063c                DMA2_Stream0_IRQHandler
                0x0800063c                TIM4_IRQHandler
                0x0800063c                I2C1_EV_IRQHandler
                0x0800063c                DMA1_Stream6_IRQHandler
                0x0800063c                DMA1_Stream1_IRQHandler
                0x0800063c                TIM3_IRQHandler
                0x0800063c                RCC_IRQHandler
                0x0800063c                Default_Handler
                0x0800063c                EXTI15_10_IRQHandler
                0x0800063c                ADC_IRQHandler
                0x0800063c                DMA1_Stream7_IRQHandler
                0x0800063c                TIM5_IRQHandler
                0x0800063c                DMA2_Stream7_IRQHandler
                0x0800063c                I2C3_EV_IRQHandler
                0x0800063c                EXTI9_5_IRQHandler
                0x0800063c                SPI2_IRQHandler
                0x0800063c                MemManage_Handler
                0x0800063c                DMA1_Stream0_IRQHandler
                0x0800063c                SVC_Handler
                0x0800063c                EXTI4_IRQHandler
                0x0800063c                EXTI22_RTC_WKUP_IRQHandler
                0x0800063c                TIM2_IRQHandler
                0x0800063c                EXTI16_PVD_IRQHandler
                0x0800063c                TIM1_TRG_COM_TIM11_IRQHandler
                0x0800063c                EXTI1_IRQHandler
                0x0800063c                EXTI17_RTC_Alarm_IRQHandler
                0x0800063c                USART2_IRQHandler
                0x0800063c                I2C2_ER_IRQHandler
                0x0800063c                DMA2_Stream1_IRQHandler
                0x0800063c                FLASH_IRQHandler
                0x0800063c                DMA2_Stream4_IRQHandler
                0x0800063c                BusFault_Handler
                0x0800063c                USART1_IRQHandler
                0x0800063c                OTG_FS_IRQHandler
                0x0800063c                SPI3_IRQHandler
                0x0800063c                DMA1_Stream4_IRQHandler
                0x0800063c                I2C1_ER_IRQHandler
                0x0800063c                DMA2_Stream6_IRQHandler
                0x0800063c                DMA1_Stream3_IRQHandler
 *fill*         0x0800063e        0x2 
 .text.NVIC_Init
                0x08000640       0xc4 C:\Users\XuanThang\Desktop\SDK_1.0.3_NUCLEO-F401RE-20260225T073314Z-1-001\SDK_1.0.3_NUCLEO-F401RE\lib_stm\libLibraries.a(misc.o)
                0x08000640                NVIC_Init
 .text.GPIO_Init
                0x08000704      0x11c C:\Users\XuanThang\Desktop\SDK_1.0.3_NUCLEO-F401RE-20260225T073314Z-1-001\SDK_1.0.3_NUCLEO-F401RE\lib_stm\libLibraries.a(stm32f401re_gpio.o)
                0x08000704                GPIO_Init
 .text.EXTI_Init
                0x08000820       0xe4 C:\Users\XuanThang\Desktop\SDK_1.0.3_NUCLEO-F401RE-20260225T073314Z-1-001\SDK_1.0.3_NUCLEO-F401RE\lib_stm\libLibraries.a(stm32f401re_exti.o)
                0x08000820                EXTI_Init
 .text.EXTI_GetFlagStatus
                0x08000904       0x34 C:\Users\XuanThang\Desktop\SDK_1.0.3_NUCLEO-F401RE-20260225T073314Z-1-001\SDK_1.0.3_NUCLEO-F401RE\lib_stm\libLibraries.a(stm32f401re_exti.o)
                0x08000904                EXTI_GetFlagStatus
 .text.EXTI_ClearITPendingBit
                0x08000938       0x20 C:\Users\XuanThang\Desktop\SDK_1.0.3_NUCLEO-F401RE-20260225T073314Z-1-001\SDK_1.0.3_NUCLEO-F401RE\lib_stm\libLibraries.a(stm32f401re_exti.o)
                0x08000938                EXTI_ClearITPendingBit
 .text.SYSCFG_EXTILineConfig
                0x08000958       0x84 C:\Users\XuanThang\Desktop\SDK_1.0.3_NUCLEO-F401RE-20260225T073314Z-1-001\SDK_1.0.3_NUCLEO-F401RE\lib_stm\libLibraries.a(stm32f401re_syscfg.o)
                0x08000958                SYSCFG_EXTILineConfig
 .text.__libc_init_array
                0x080009dc       0x48 C:/ST/STM32CubeIDE_2.0.0/STM32CubeIDE/plugins/com.st.stm32cube.ide.mcu.externaltools.gnu-tools-for-stm32.13.3.rel1.win32_1.0.100.202509120712/tools/bin/../lib/gcc/arm-none-eabi/13.3.1/../../../../arm-none-eabi/lib/thumb/v7e-m+fp/hard\libc_nano.a(libc_a-init.o)
                0x080009dc                __libc_init_array
 *(.glue_7)
 .glue_7        0x08000a24        0x0 linker stubs
 *(.glue_7t)
 .glue_7t       0x08000a24        0x0 linker stubs
 *(.eh_frame)
 .eh_frame      0x08000a24        0x0 C:/ST/STM32CubeIDE_2.0.0/STM32CubeIDE/plugins/com.st.stm32cube.ide.mcu.externaltools.gnu-tools-for-stm32.13.3.rel1.win32_1.0.100.202509120712/tools/bin/../lib/gcc/arm-none-eabi/13.3.1/thumb/v7e-m+fp/hard/crtbegin.o
 *(.init)
 .init          0x08000a24        0x4 C:/ST/STM32CubeIDE_2.0.0/STM32CubeIDE/plugins/com.st.stm32cube.ide.mcu.externaltools.gnu-tools-for-stm32.13.3.rel1.win32_1.0.100.202509120712/tools/bin/../lib/gcc/arm-none-eabi/13.3.1/thumb/v7e-m+fp/hard/crti.o
                0x08000a24                _init
 .init          0x08000a28        0x8 C:/ST/STM32CubeIDE_2.0.0/STM32CubeIDE/plugins/com.st.stm32cube.ide.mcu.externaltools.gnu-tools-for-stm32.13.3.rel1.win32_1.0.100.202509120712/tools/bin/../lib/gcc/arm-none-eabi/13.3.1/thumb/v7e-m+fp/hard/crtn.o
 *(.fini)
 .fini          0x08000a30        0x4 C:/ST/STM32CubeIDE_2.0.0/STM32CubeIDE/plugins/com.st.stm32cube.ide.mcu.externaltools.gnu-tools-for-stm32.13.3.rel1.win32_1.0.100.202509120712/tools/bin/../lib/gcc/arm-none-eabi/13.3.1/thumb/v7e-m+fp/hard/crti.o
                0x08000a30                _fini
 .fini          0x08000a34        0x8 C:/ST/STM32CubeIDE_2.0.0/STM32CubeIDE/plugins/com.st.stm32cube.ide.mcu.externaltools.gnu-tools-for-stm32.13.3.rel1.win32_1.0.100.202509120712/tools/bin/../lib/gcc/arm-none-eabi/13.3.1/thumb/v7e-m+fp/hard/crtn.o
                0x08000a3c                        . = ALIGN (0x4)
                0x08000a3c                        _etext = .

.vfp11_veneer   0x08000a3c        0x0
 .vfp11_veneer  0x08000a3c        0x0 linker stubs

.v4_bx          0x08000a3c        0x0
 .v4_bx         0x08000a3c        0x0 linker stubs

.iplt           0x08000a3c        0x0
 .iplt          0x08000a3c        0x0 C:/ST/STM32CubeIDE_2.0.0/STM32CubeIDE/plugins/com.st.stm32cube.ide.mcu.externaltools.gnu-tools-for-stm32.13.3.rel1.win32_1.0.100.202509120712/tools/bin/../lib/gcc/arm-none-eabi/13.3.1/thumb/v7e-m+fp/hard/crtbegin.o

.rodata         0x08000a3c       0x10
                0x08000a3c                        . = ALIGN (0x4)
 *(.rodata)
 *(.rodata*)
 .rodata.AHBPrescTable
                0x08000a3c       0x10 ./SDK_1.0.3_NUCLEO-F401RE-20260225T073314Z-1-001/SDK_1.0.3_NUCLEO-F401RE/shared/Drivers/CMSIS/Source/system_stm32f4xx.o
                0x08000a3c                AHBPrescTable
                0x08000a4c                        . = ALIGN (0x4)

.ARM.extab      0x08000a4c        0x0
                0x08000a4c                        . = ALIGN (0x4)
 *(.ARM.extab* .gnu.linkonce.armextab.*)
                0x08000a4c                        . = ALIGN (0x4)

.ARM            0x08000a4c        0x0
                0x08000a4c                        . = ALIGN (0x4)
                0x08000a4c                        __exidx_start = .
 *(.ARM.exidx*)
                0x08000a4c                        __exidx_end = .
                0x08000a4c                        . = ALIGN (0x4)

.preinit_array  0x08000a4c        0x0
                0x08000a4c                        . = ALIGN (0x4)
                0x08000a4c                        PROVIDE (__preinit_array_start = .)
 *(.preinit_array*)
                0x08000a4c                        PROVIDE (__preinit_array_end = .)
                0x08000a4c                        . = ALIGN (0x4)

.init_array     0x08000a4c        0x4
                0x08000a4c                        . = ALIGN (0x4)
                0x08000a4c                        PROVIDE (__init_array_start = .)
 *(SORT_BY_NAME(.init_array.*))
 *(.init_array*)
 .init_array    0x08000a4c        0x4 C:/ST/STM32CubeIDE_2.0.0/STM32CubeIDE/plugins/com.st.stm32cube.ide.mcu.externaltools.gnu-tools-for-stm32.13.3.rel1.win32_1.0.100.202509120712/tools/bin/../lib/gcc/arm-none-eabi/13.3.1/thumb/v7e-m+fp/hard/crtbegin.o
                0x08000a50                        PROVIDE (__init_array_end = .)
                0x08000a50                        . = ALIGN (0x4)

.fini_array     0x08000a50        0x4
                0x08000a50                        . = ALIGN (0x4)
                [!provide]                        PROVIDE (__fini_array_start = .)
 *(SORT_BY_NAME(.fini_array.*))
 *(.fini_array*)
 .fini_array    0x08000a50        0x4 C:/ST/STM32CubeIDE_2.0.0/STM32CubeIDE/plugins/com.st.stm32cube.ide.mcu.externaltools.gnu-tools-for-stm32.13.3.rel1.win32_1.0.100.202509120712/tools/bin/../lib/gcc/arm-none-eabi/13.3.1/thumb/v7e-m+fp/hard/crtbegin.o
                [!provide]                        PROVIDE (__fini_array_end = .)
                0x08000a54                        . = ALIGN (0x4)
                0x08000a54                        _sidata = LOADADDR (.data)

.rel.dyn        0x08000a54        0x0
 .rel.iplt      0x08000a54        0x0 C:/ST/STM32CubeIDE_2.0.0/STM32CubeIDE/plugins/com.st.stm32cube.ide.mcu.externaltools.gnu-tools-for-stm32.13.3.rel1.win32_1.0.100.202509120712/tools/bin/../lib/gcc/arm-none-eabi/13.3.1/thumb/v7e-m+fp/hard/crtbegin.o

.data           0x20000000        0x4 load address 0x08000a54
                0x20000000                        . = ALIGN (0x4)
                0x20000000                        _sdata = .
 *(.data)
 *(.data*)
 .data.SystemCoreClock
                0x20000000        0x4 ./SDK_1.0.3_NUCLEO-F401RE-20260225T073314Z-1-001/SDK_1.0.3_NUCLEO-F401RE/shared/Drivers/CMSIS/Source/system_stm32f4xx.o
                0x20000000                SystemCoreClock
 *(.RamFunc)
 *(.RamFunc*)
                0x20000004                        . = ALIGN (0x4)
                0x20000004                        _edata = .

.igot.plt       0x20000004        0x0 load address 0x08000a58
 .igot.plt      0x20000004        0x0 C:/ST/STM32CubeIDE_2.0.0/STM32CubeIDE/plugins/com.st.stm32cube.ide.mcu.externaltools.gnu-tools-for-stm32.13.3.rel1.win32_1.0.100.202509120712/tools/bin/../lib/gcc/arm-none-eabi/13.3.1/thumb/v7e-m+fp/hard/crtbegin.o
                0x20000004                        . = ALIGN (0x4)

.bss            0x20000004       0x20 load address 0x08000a58
                0x20000004                        _sbss = .
                0x20000004                        __bss_start__ = _sbss
 *(.bss)
 .bss           0x20000004       0x1c C:/ST/STM32CubeIDE_2.0.0/STM32CubeIDE/plugins/com.st.stm32cube.ide.mcu.externaltools.gnu-tools-for-stm32.13.3.rel1.win32_1.0.100.202509120712/tools/bin/../lib/gcc/arm-none-eabi/13.3.1/thumb/v7e-m+fp/hard/crtbegin.o
 *(.bss*)
 .bss.Status    0x20000020        0x1 ./Src/Bai2.o
                0x20000020                Status
 *(COMMON)
                0x20000024                        . = ALIGN (0x4)
 *fill*         0x20000021        0x3 
                0x20000024                        _ebss = .
                0x20000024                        __bss_end__ = _ebss

._user_heap_stack
                0x20000024      0x604 load address 0x08000a58
                0x20000028                        . = ALIGN (0x8)
 *fill*         0x20000024        0x4 
                [!provide]                        PROVIDE (end = .)
                0x20000028                        PROVIDE (_end = .)
                0x20000228                        . = (. + _Min_Heap_Size)
 *fill*         0x20000028      0x200 
                0x20000628                        . = (. + _Min_Stack_Size)
 *fill*         0x20000228      0x400 
                0x20000628                        . = ALIGN (0x8)

/DISCARD/
 libc.a(*)
 libm.a(*)
 libgcc.a(*)

.ARM.attributes
                0x00000000       0x30
 *(.ARM.attributes)
 .ARM.attributes
                0x00000000       0x22 C:/ST/STM32CubeIDE_2.0.0/STM32CubeIDE/plugins/com.st.stm32cube.ide.mcu.externaltools.gnu-tools-for-stm32.13.3.rel1.win32_1.0.100.202509120712/tools/bin/../lib/gcc/arm-none-eabi/13.3.1/thumb/v7e-m+fp/hard/crti.o
 .ARM.attributes
                0x00000022       0x34 C:/ST/STM32CubeIDE_2.0.0/STM32CubeIDE/plugins/com.st.stm32cube.ide.mcu.externaltools.gnu-tools-for-stm32.13.3.rel1.win32_1.0.100.202509120712/tools/bin/../lib/gcc/arm-none-eabi/13.3.1/thumb/v7e-m+fp/hard/crtbegin.o
 .ARM.attributes
                0x00000056       0x34 ./SDK_1.0.3_NUCLEO-F401RE-20260225T073314Z-1-001/SDK_1.0.3_NUCLEO-F401RE/shared/Drivers/CMSIS/Source/system_stm32f4xx.o
 .ARM.attributes
                0x0000008a       0x34 ./SDK_1.0.3_NUCLEO-F401RE-20260225T073314Z-1-001/SDK_1.0.3_NUCLEO-F401RE/shared/Drivers/STM32F401RE_StdPeriph_Driver/src/stm32f401re_rcc.o
 .ARM.attributes
                0x000000be       0x34 ./Src/Bai2.o
 .ARM.attributes
                0x000000f2       0x21 ./Startup/startup_stm32f401retx.o
 .ARM.attributes
                0x00000113       0x39 C:\Users\XuanThang\Desktop\SDK_1.0.3_NUCLEO-F401RE-20260225T073314Z-1-001\SDK_1.0.3_NUCLEO-F401RE\lib_stm\libLibraries.a(misc.o)
 .ARM.attributes
                0x0000014c       0x39 C:\Users\XuanThang\Desktop\SDK_1.0.3_NUCLEO-F401RE-20260225T073314Z-1-001\SDK_1.0.3_NUCLEO-F401RE\lib_stm\libLibraries.a(stm32f401re_gpio.o)
 .ARM.attributes
                0x00000185       0x39 C:\Users\XuanThang\Desktop\SDK_1.0.3_NUCLEO-F401RE-20260225T073314Z-1-001\SDK_1.0.3_NUCLEO-F401RE\lib_stm\libLibraries.a(stm32f401re_exti.o)
 .ARM.attributes
                0x000001be       0x39 C:\Users\XuanThang\Desktop\SDK_1.0.3_NUCLEO-F401RE-20260225T073314Z-1-001\SDK_1.0.3_NUCLEO-F401RE\lib_stm\libLibraries.a(stm32f401re_syscfg.o)
 .ARM.attributes
                0x000001f7       0x34 C:/ST/STM32CubeIDE_2.0.0/STM32CubeIDE/plugins/com.st.stm32cube.ide.mcu.externaltools.gnu-tools-for-stm32.13.3.rel1.win32_1.0.100.202509120712/tools/bin/../lib/gcc/arm-none-eabi/13.3.1/../../../../arm-none-eabi/lib/thumb/v7e-m+fp/hard\libc_nano.a(libc_a-init.o)
 .ARM.attributes
                0x0000022b       0x22 C:/ST/STM32CubeIDE_2.0.0/STM32CubeIDE/plugins/com.st.stm32cube.ide.mcu.externaltools.gnu-tools-for-stm32.13.3.rel1.win32_1.0.100.202509120712/tools/bin/../lib/gcc/arm-none-eabi/13.3.1/thumb/v7e-m+fp/hard/crtn.o
OUTPUT(Bai8_CauHinhNgatGPIO.elf elf32-littlearm)
LOAD linker stubs
LOAD C:/ST/STM32CubeIDE_2.0.0/STM32CubeIDE/plugins/com.st.stm32cube.ide.mcu.externaltools.gnu-tools-for-stm32.13.3.rel1.win32_1.0.100.202509120712/tools/bin/../lib/gcc/arm-none-eabi/13.3.1/../../../../arm-none-eabi/lib/thumb/v7e-m+fp/hard\libc.a
LOAD C:/ST/STM32CubeIDE_2.0.0/STM32CubeIDE/plugins/com.st.stm32cube.ide.mcu.externaltools.gnu-tools-for-stm32.13.3.rel1.win32_1.0.100.202509120712/tools/bin/../lib/gcc/arm-none-eabi/13.3.1/../../../../arm-none-eabi/lib/thumb/v7e-m+fp/hard\libm.a
LOAD C:/ST/STM32CubeIDE_2.0.0/STM32CubeIDE/plugins/com.st.stm32cube.ide.mcu.externaltools.gnu-tools-for-stm32.13.3.rel1.win32_1.0.100.202509120712/tools/bin/../lib/gcc/arm-none-eabi/13.3.1/thumb/v7e-m+fp/hard\libgcc.a

.debug_info     0x00000000     0x2b43
 .debug_info    0x00000000      0x5d3 ./SDK_1.0.3_NUCLEO-F401RE-20260225T073314Z-1-001/SDK_1.0.3_NUCLEO-F401RE/shared/Drivers/CMSIS/Source/system_stm32f4xx.o
 .debug_info    0x000005d3      0xcde ./SDK_1.0.3_NUCLEO-F401RE-20260225T073314Z-1-001/SDK_1.0.3_NUCLEO-F401RE/shared/Drivers/STM32F401RE_StdPeriph_Driver/src/stm32f401re_rcc.o
 .debug_info    0x000012b1      0x6ee ./Src/Bai2.o
 .debug_info    0x0000199f       0x30 ./Startup/startup_stm32f401retx.o
 .debug_info    0x000019cf      0x54b C:\Users\XuanThang\Desktop\SDK_1.0.3_NUCLEO-F401RE-20260225T073314Z-1-001\SDK_1.0.3_NUCLEO-F401RE\lib_stm\libLibraries.a(misc.o)
 .debug_info    0x00001f1a      0x62b C:\Users\XuanThang\Desktop\SDK_1.0.3_NUCLEO-F401RE-20260225T073314Z-1-001\SDK_1.0.3_NUCLEO-F401RE\lib_stm\libLibraries.a(stm32f401re_gpio.o)
 .debug_info    0x00002545      0x358 C:\Users\XuanThang\Desktop\SDK_1.0.3_NUCLEO-F401RE-20260225T073314Z-1-001\SDK_1.0.3_NUCLEO-F401RE\lib_stm\libLibraries.a(stm32f401re_exti.o)
 .debug_info    0x0000289d      0x2a6 C:\Users\XuanThang\Desktop\SDK_1.0.3_NUCLEO-F401RE-20260225T073314Z-1-001\SDK_1.0.3_NUCLEO-F401RE\lib_stm\libLibraries.a(stm32f401re_syscfg.o)

.debug_abbrev   0x00000000      0xbd6
 .debug_abbrev  0x00000000      0x142 ./SDK_1.0.3_NUCLEO-F401RE-20260225T073314Z-1-001/SDK_1.0.3_NUCLEO-F401RE/shared/Drivers/CMSIS/Source/system_stm32f4xx.o
 .debug_abbrev  0x00000142      0x20c ./SDK_1.0.3_NUCLEO-F401RE-20260225T073314Z-1-001/SDK_1.0.3_NUCLEO-F401RE/shared/Drivers/STM32F401RE_StdPeriph_Driver/src/stm32f401re_rcc.o
 .debug_abbrev  0x0000034e      0x220 ./Src/Bai2.o
 .debug_abbrev  0x0000056e       0x24 ./Startup/startup_stm32f401retx.o
 .debug_abbrev  0x00000592      0x177 C:\Users\XuanThang\Desktop\SDK_1.0.3_NUCLEO-F401RE-20260225T073314Z-1-001\SDK_1.0.3_NUCLEO-F401RE\lib_stm\libLibraries.a(misc.o)
 .debug_abbrev  0x00000709      0x1bf C:\Users\XuanThang\Desktop\SDK_1.0.3_NUCLEO-F401RE-20260225T073314Z-1-001\SDK_1.0.3_NUCLEO-F401RE\lib_stm\libLibraries.a(stm32f401re_gpio.o)
 .debug_abbrev  0x000008c8      0x1c3 C:\Users\XuanThang\Desktop\SDK_1.0.3_NUCLEO-F401RE-20260225T073314Z-1-001\SDK_1.0.3_NUCLEO-F401RE\lib_stm\libLibraries.a(stm32f401re_exti.o)
 .debug_abbrev  0x00000a8b      0x14b C:\Users\XuanThang\Desktop\SDK_1.0.3_NUCLEO-F401RE-20260225T073314Z-1-001\SDK_1.0.3_NUCLEO-F401RE\lib_stm\libLibraries.a(stm32f401re_syscfg.o)

.debug_aranges  0x00000000      0x3a8
 .debug_aranges
                0x00000000       0x30 ./SDK_1.0.3_NUCLEO-F401RE-20260225T073314Z-1-001/SDK_1.0.3_NUCLEO-F401RE/shared/Drivers/CMSIS/Source/system_stm32f4xx.o
 .debug_aranges
                0x00000030      0x198 ./SDK_1.0.3_NUCLEO-F401RE-20260225T073314Z-1-001/SDK_1.0.3_NUCLEO-F401RE/shared/Drivers/STM32F401RE_StdPeriph_Driver/src/stm32f401re_rcc.o
 .debug_aranges
                0x000001c8       0x48 ./Src/Bai2.o
 .debug_aranges
                0x00000210       0x28 ./Startup/startup_stm32f401retx.o
 .debug_aranges
                0x00000238       0x40 C:\Users\XuanThang\Desktop\SDK_1.0.3_NUCLEO-F401RE-20260225T073314Z-1-001\SDK_1.0.3_NUCLEO-F401RE\lib_stm\libLibraries.a(misc.o)
 .debug_aranges
                0x00000278       0x88 C:\Users\XuanThang\Desktop\SDK_1.0.3_NUCLEO-F401RE-20260225T073314Z-1-001\SDK_1.0.3_NUCLEO-F401RE\lib_stm\libLibraries.a(stm32f401re_gpio.o)
 .debug_aranges
                0x00000300       0x58 C:\Users\XuanThang\Desktop\SDK_1.0.3_NUCLEO-F401RE-20260225T073314Z-1-001\SDK_1.0.3_NUCLEO-F401RE\lib_stm\libLibraries.a(stm32f401re_exti.o)
 .debug_aranges
                0x00000358       0x50 C:\Users\XuanThang\Desktop\SDK_1.0.3_NUCLEO-F401RE-20260225T073314Z-1-001\SDK_1.0.3_NUCLEO-F401RE\lib_stm\libLibraries.a(stm32f401re_syscfg.o)

.debug_rnglists
                0x00000000      0x199
 .debug_rnglists
                0x00000000       0x21 ./SDK_1.0.3_NUCLEO-F401RE-20260225T073314Z-1-001/SDK_1.0.3_NUCLEO-F401RE/shared/Drivers/CMSIS/Source/system_stm32f4xx.o
 .debug_rnglists
                0x00000021      0x12e ./SDK_1.0.3_NUCLEO-F401RE-20260225T073314Z-1-001/SDK_1.0.3_NUCLEO-F401RE/shared/Drivers/STM32F401RE_StdPeriph_Driver/src/stm32f401re_rcc.o
 .debug_rnglists
                0x0000014f       0x31 ./Src/Bai2.o
 .debug_rnglists
                0x00000180       0x19 ./Startup/startup_stm32f401retx.o

.debug_macro    0x00000000    0x10d9e
 .debug_macro   0x00000000       0xce ./SDK_1.0.3_NUCLEO-F401RE-20260225T073314Z-1-001/SDK_1.0.3_NUCLEO-F401RE/shared/Drivers/CMSIS/Source/system_stm32f4xx.o
 .debug_macro   0x000000ce      0xae4 ./SDK_1.0.3_NUCLEO-F401RE-20260225T073314Z-1-001/SDK_1.0.3_NUCLEO-F401RE/shared/Drivers/CMSIS/Source/system_stm32f4xx.o
 .debug_macro   0x00000bb2       0x40 ./SDK_1.0.3_NUCLEO-F401RE-20260225T073314Z-1-001/SDK_1.0.3_NUCLEO-F401RE/shared/Drivers/CMSIS/Source/system_stm32f4xx.o
 .debug_macro   0x00000bf2       0x3b ./SDK_1.0.3_NUCLEO-F401RE-20260225T073314Z-1-001/SDK_1.0.3_NUCLEO-F401RE/shared/Drivers/CMSIS/Source/system_stm32f4xx.o
 .debug_macro   0x00000c2d       0x22 ./SDK_1.0.3_NUCLEO-F401RE-20260225T073314Z-1-001/SDK_1.0.3_NUCLEO-F401RE/shared/Drivers/CMSIS/Source/system_stm32f4xx.o
 .debug_macro   0x00000c4f       0x8e ./SDK_1.0.3_NUCLEO-F401RE-20260225T073314Z-1-001/SDK_1.0.3_NUCLEO-F401RE/shared/Drivers/CMSIS/Source/system_stm32f4xx.o
 .debug_macro   0x00000cdd       0x51 ./SDK_1.0.3_NUCLEO-F401RE-20260225T073314Z-1-001/SDK_1.0.3_NUCLEO-F401RE/shared/Drivers/CMSIS/Source/system_stm32f4xx.o
 .debug_macro   0x00000d2e      0x103 ./SDK_1.0.3_NUCLEO-F401RE-20260225T073314Z-1-001/SDK_1.0.3_NUCLEO-F401RE/shared/Drivers/CMSIS/Source/system_stm32f4xx.o
 .debug_macro   0x00000e31       0x6a ./SDK_1.0.3_NUCLEO-F401RE-20260225T073314Z-1-001/SDK_1.0.3_NUCLEO-F401RE/shared/Drivers/CMSIS/Source/system_stm32f4xx.o
 .debug_macro   0x00000e9b      0x1df ./SDK_1.0.3_NUCLEO-F401RE-20260225T073314Z-1-001/SDK_1.0.3_NUCLEO-F401RE/shared/Drivers/CMSIS/Source/system_stm32f4xx.o
 .debug_macro   0x0000107a       0x34 ./SDK_1.0.3_NUCLEO-F401RE-20260225T073314Z-1-001/SDK_1.0.3_NUCLEO-F401RE/shared/Drivers/CMSIS/Source/system_stm32f4xx.o
 .debug_macro   0x000010ae       0x26 ./SDK_1.0.3_NUCLEO-F401RE-20260225T073314Z-1-001/SDK_1.0.3_NUCLEO-F401RE/shared/Drivers/CMSIS/Source/system_stm32f4xx.o
 .debug_macro   0x000010d4      0xe43 ./SDK_1.0.3_NUCLEO-F401RE-20260225T073314Z-1-001/SDK_1.0.3_NUCLEO-F401RE/shared/Drivers/CMSIS/Source/system_stm32f4xx.o
 .debug_macro   0x00001f17     0x466d ./SDK_1.0.3_NUCLEO-F401RE-20260225T073314Z-1-001/SDK_1.0.3_NUCLEO-F401RE/shared/Drivers/CMSIS/Source/system_stm32f4xx.o
 .debug_macro   0x00006584      0x186 ./SDK_1.0.3_NUCLEO-F401RE-20260225T073314Z-1-001/SDK_1.0.3_NUCLEO-F401RE/shared/Drivers/STM32F401RE_StdPeriph_Driver/src/stm32f401re_rcc.o
 .debug_macro   0x0000670a      0x4f3 ./SDK_1.0.3_NUCLEO-F401RE-20260225T073314Z-1-001/SDK_1.0.3_NUCLEO-F401RE/shared/Drivers/STM32F401RE_StdPeriph_Driver/src/stm32f401re_rcc.o
 .debug_macro   0x00006bfd      0x11f ./Src/Bai2.o
 .debug_macro   0x00006d1c      0x2f6 ./Src/Bai2.o
 .debug_macro   0x00007012      0x10d ./Src/Bai2.o
 .debug_macro   0x0000711f       0xb6 ./Src/Bai2.o
 .debug_macro   0x000071d5       0x82 ./Src/Bai2.o
 .debug_macro   0x00007257       0xc0 C:\Users\XuanThang\Desktop\SDK_1.0.3_NUCLEO-F401RE-20260225T073314Z-1-001\SDK_1.0.3_NUCLEO-F401RE\lib_stm\libLibraries.a(misc.o)
 .debug_macro   0x00007317      0xa66 C:\Users\XuanThang\Desktop\SDK_1.0.3_NUCLEO-F401RE-20260225T073314Z-1-001\SDK_1.0.3_NUCLEO-F401RE\lib_stm\libLibraries.a(misc.o)
 .debug_macro   0x00007d7d       0x6b C:\Users\XuanThang\Desktop\SDK_1.0.3_NUCLEO-F401RE-20260225T073314Z-1-001\SDK_1.0.3_NUCLEO-F401RE\lib_stm\libLibraries.a(misc.o)
 .debug_macro   0x00007de8       0x22 C:\Users\XuanThang\Desktop\SDK_1.0.3_NUCLEO-F401RE-20260225T073314Z-1-001\SDK_1.0.3_NUCLEO-F401RE\lib_stm\libLibraries.a(misc.o)
 .debug_macro   0x00007e0a       0x8e C:\Users\XuanThang\Desktop\SDK_1.0.3_NUCLEO-F401RE-20260225T073314Z-1-001\SDK_1.0.3_NUCLEO-F401RE\lib_stm\libLibraries.a(misc.o)
 .debug_macro   0x00007e98       0xef C:\Users\XuanThang\Desktop\SDK_1.0.3_NUCLEO-F401RE-20260225T073314Z-1-001\SDK_1.0.3_NUCLEO-F401RE\lib_stm\libLibraries.a(misc.o)
 .debug_macro   0x00007f87     0x8018 C:\Users\XuanThang\Desktop\SDK_1.0.3_NUCLEO-F401RE-20260225T073314Z-1-001\SDK_1.0.3_NUCLEO-F401RE\lib_stm\libLibraries.a(misc.o)
 .debug_macro   0x0000ff9f       0x7c C:\Users\XuanThang\Desktop\SDK_1.0.3_NUCLEO-F401RE-20260225T073314Z-1-001\SDK_1.0.3_NUCLEO-F401RE\lib_stm\libLibraries.a(misc.o)
 .debug_macro   0x0001001b       0xc3 C:\Users\XuanThang\Desktop\SDK_1.0.3_NUCLEO-F401RE-20260225T073314Z-1-001\SDK_1.0.3_NUCLEO-F401RE\lib_stm\libLibraries.a(stm32f401re_gpio.o)
 .debug_macro   0x000100de      0x2ee C:\Users\XuanThang\Desktop\SDK_1.0.3_NUCLEO-F401RE-20260225T073314Z-1-001\SDK_1.0.3_NUCLEO-F401RE\lib_stm\libLibraries.a(stm32f401re_gpio.o)
 .debug_macro   0x000103cc      0x64a C:\Users\XuanThang\Desktop\SDK_1.0.3_NUCLEO-F401RE-20260225T073314Z-1-001\SDK_1.0.3_NUCLEO-F401RE\lib_stm\libLibraries.a(stm32f401re_gpio.o)
 .debug_macro   0x00010a16       0xc0 C:\Users\XuanThang\Desktop\SDK_1.0.3_NUCLEO-F401RE-20260225T073314Z-1-001\SDK_1.0.3_NUCLEO-F401RE\lib_stm\libLibraries.a(stm32f401re_exti.o)
 .debug_macro   0x00010ad6       0xb0 C:\Users\XuanThang\Desktop\SDK_1.0.3_NUCLEO-F401RE-20260225T073314Z-1-001\SDK_1.0.3_NUCLEO-F401RE\lib_stm\libLibraries.a(stm32f401re_exti.o)
 .debug_macro   0x00010b86      0x111 C:\Users\XuanThang\Desktop\SDK_1.0.3_NUCLEO-F401RE-20260225T073314Z-1-001\SDK_1.0.3_NUCLEO-F401RE\lib_stm\libLibraries.a(stm32f401re_syscfg.o)
 .debug_macro   0x00010c97      0x107 C:\Users\XuanThang\Desktop\SDK_1.0.3_NUCLEO-F401RE-20260225T073314Z-1-001\SDK_1.0.3_NUCLEO-F401RE\lib_stm\libLibraries.a(stm32f401re_syscfg.o)

.debug_line     0x00000000     0x32b6
 .debug_line    0x00000000      0x6af ./SDK_1.0.3_NUCLEO-F401RE-20260225T073314Z-1-001/SDK_1.0.3_NUCLEO-F401RE/shared/Drivers/CMSIS/Source/system_stm32f4xx.o
 .debug_line    0x000006af      0xe75 ./SDK_1.0.3_NUCLEO-F401RE-20260225T073314Z-1-001/SDK_1.0.3_NUCLEO-F401RE/shared/Drivers/STM32F401RE_StdPeriph_Driver/src/stm32f401re_rcc.o
 .debug_line    0x00001524      0x6d8 ./Src/Bai2.o
 .debug_line    0x00001bfc       0x7b ./Startup/startup_stm32f401retx.o
 .debug_line    0x00001c77      0x515 C:\Users\XuanThang\Desktop\SDK_1.0.3_NUCLEO-F401RE-20260225T073314Z-1-001\SDK_1.0.3_NUCLEO-F401RE\lib_stm\libLibraries.a(misc.o)
 .debug_line    0x0000218c      0x65e C:\Users\XuanThang\Desktop\SDK_1.0.3_NUCLEO-F401RE-20260225T073314Z-1-001\SDK_1.0.3_NUCLEO-F401RE\lib_stm\libLibraries.a(stm32f401re_gpio.o)
 .debug_line    0x000027ea      0x571 C:\Users\XuanThang\Desktop\SDK_1.0.3_NUCLEO-F401RE-20260225T073314Z-1-001\SDK_1.0.3_NUCLEO-F401RE\lib_stm\libLibraries.a(stm32f401re_exti.o)
 .debug_line    0x00002d5b      0x55b C:\Users\XuanThang\Desktop\SDK_1.0.3_NUCLEO-F401RE-20260225T073314Z-1-001\SDK_1.0.3_NUCLEO-F401RE\lib_stm\libLibraries.a(stm32f401re_syscfg.o)

.debug_str      0x00000000    0x3de8b
 .debug_str     0x00000000    0x3de8b ./SDK_1.0.3_NUCLEO-F401RE-20260225T073314Z-1-001/SDK_1.0.3_NUCLEO-F401RE/shared/Drivers/CMSIS/Source/system_stm32f4xx.o
                              0x218f7 (size before relaxing)
 .debug_str     0x0003de8b        0x0 ./SDK_1.0.3_NUCLEO-F401RE-20260225T073314Z-1-001/SDK_1.0.3_NUCLEO-F401RE/shared/Drivers/STM32F401RE_StdPeriph_Driver/src/stm32f401re_rcc.o
                              0x244e5 (size before relaxing)
 .debug_str     0x0003de8b        0x0 ./Src/Bai2.o
                              0x26bdc (size before relaxing)
 .debug_str     0x0003de8b        0x0 ./Startup/startup_stm32f401retx.o
                                 0x9b (size before relaxing)
 .debug_str     0x0003de8b        0x0 C:\Users\XuanThang\Desktop\SDK_1.0.3_NUCLEO-F401RE-20260225T073314Z-1-001\SDK_1.0.3_NUCLEO-F401RE\lib_stm\libLibraries.a(misc.o)
                              0x35d12 (size before relaxing)
 .debug_str     0x0003de8b        0x0 C:\Users\XuanThang\Desktop\SDK_1.0.3_NUCLEO-F401RE-20260225T073314Z-1-001\SDK_1.0.3_NUCLEO-F401RE\lib_stm\libLibraries.a(stm32f401re_gpio.o)
                              0x3a690 (size before relaxing)
 .debug_str     0x0003de8b        0x0 C:\Users\XuanThang\Desktop\SDK_1.0.3_NUCLEO-F401RE-20260225T073314Z-1-001\SDK_1.0.3_NUCLEO-F401RE\lib_stm\libLibraries.a(stm32f401re_exti.o)
                              0x35edf (size before relaxing)
 .debug_str     0x0003de8b        0x0 C:\Users\XuanThang\Desktop\SDK_1.0.3_NUCLEO-F401RE-20260225T073314Z-1-001\SDK_1.0.3_NUCLEO-F401RE\lib_stm\libLibraries.a(stm32f401re_syscfg.o)
                              0x39bb1 (size before relaxing)

.comment        0x00000000       0xbe
 .comment       0x00000000       0xbe ./SDK_1.0.3_NUCLEO-F401RE-20260225T073314Z-1-001/SDK_1.0.3_NUCLEO-F401RE/shared/Drivers/CMSIS/Source/system_stm32f4xx.o
                                 0x44 (size before relaxing)
 .comment       0x000000be        0x0 ./SDK_1.0.3_NUCLEO-F401RE-20260225T073314Z-1-001/SDK_1.0.3_NUCLEO-F401RE/shared/Drivers/STM32F401RE_StdPeriph_Driver/src/stm32f401re_rcc.o
                                 0x44 (size before relaxing)
 .comment       0x000000be        0x0 ./Src/Bai2.o
                                 0x44 (size before relaxing)
 .comment       0x000000be        0x0 C:\Users\XuanThang\Desktop\SDK_1.0.3_NUCLEO-F401RE-20260225T073314Z-1-001\SDK_1.0.3_NUCLEO-F401RE\lib_stm\libLibraries.a(misc.o)
                                 0x7c (size before relaxing)
 .comment       0x000000be        0x0 C:\Users\XuanThang\Desktop\SDK_1.0.3_NUCLEO-F401RE-20260225T073314Z-1-001\SDK_1.0.3_NUCLEO-F401RE\lib_stm\libLibraries.a(stm32f401re_gpio.o)
                                 0x7c (size before relaxing)
 .comment       0x000000be        0x0 C:\Users\XuanThang\Desktop\SDK_1.0.3_NUCLEO-F401RE-20260225T073314Z-1-001\SDK_1.0.3_NUCLEO-F401RE\lib_stm\libLibraries.a(stm32f401re_exti.o)
                                 0x7c (size before relaxing)
 .comment       0x000000be        0x0 C:\Users\XuanThang\Desktop\SDK_1.0.3_NUCLEO-F401RE-20260225T073314Z-1-001\SDK_1.0.3_NUCLEO-F401RE\lib_stm\libLibraries.a(stm32f401re_syscfg.o)
                                 0x7c (size before relaxing)

.debug_frame    0x00000000      0xe6c
 .debug_frame   0x00000000       0x74 ./SDK_1.0.3_NUCLEO-F401RE-20260225T073314Z-1-001/SDK_1.0.3_NUCLEO-F401RE/shared/Drivers/CMSIS/Source/system_stm32f4xx.o
 .debug_frame   0x00000074      0x774 ./SDK_1.0.3_NUCLEO-F401RE-20260225T073314Z-1-001/SDK_1.0.3_NUCLEO-F401RE/shared/Drivers/STM32F401RE_StdPeriph_Driver/src/stm32f401re_rcc.o
 .debug_frame   0x000007e8       0xe0 ./Src/Bai2.o
 .debug_frame   0x000008c8       0xd8 C:\Users\XuanThang\Desktop\SDK_1.0.3_NUCLEO-F401RE-20260225T073314Z-1-001\SDK_1.0.3_NUCLEO-F401RE\lib_stm\libLibraries.a(misc.o)
 .debug_frame   0x000009a0      0x23c C:\Users\XuanThang\Desktop\SDK_1.0.3_NUCLEO-F401RE-20260225T073314Z-1-001\SDK_1.0.3_NUCLEO-F401RE\lib_stm\libLibraries.a(stm32f401re_gpio.o)
 .debug_frame   0x00000bdc      0x148 C:\Users\XuanThang\Desktop\SDK_1.0.3_NUCLEO-F401RE-20260225T073314Z-1-001\SDK_1.0.3_NUCLEO-F401RE\lib_stm\libLibraries.a(stm32f401re_exti.o)
 .debug_frame   0x00000d24      0x11c C:\Users\XuanThang\Desktop\SDK_1.0.3_NUCLEO-F401RE-20260225T073314Z-1-001\SDK_1.0.3_NUCLEO-F401RE\lib_stm\libLibraries.a(stm32f401re_syscfg.o)
 .debug_frame   0x00000e40       0x2c C:/ST/STM32CubeIDE_2.0.0/STM32CubeIDE/plugins/com.st.stm32cube.ide.mcu.externaltools.gnu-tools-for-stm32.13.3.rel1.win32_1.0.100.202509120712/tools/bin/../lib/gcc/arm-none-eabi/13.3.1/../../../../arm-none-eabi/lib/thumb/v7e-m+fp/hard\libc_nano.a(libc_a-init.o)

.debug_line_str
                0x00000000       0x7f
 .debug_line_str
                0x00000000       0x7f ./Startup/startup_stm32f401retx.o

.debug_ranges   0x00000000      0x130
 .debug_ranges  0x00000000       0x30 C:\Users\XuanThang\Desktop\SDK_1.0.3_NUCLEO-F401RE-20260225T073314Z-1-001\SDK_1.0.3_NUCLEO-F401RE\lib_stm\libLibraries.a(misc.o)
 .debug_ranges  0x00000030       0x78 C:\Users\XuanThang\Desktop\SDK_1.0.3_NUCLEO-F401RE-20260225T073314Z-1-001\SDK_1.0.3_NUCLEO-F401RE\lib_stm\libLibraries.a(stm32f401re_gpio.o)
 .debug_ranges  0x000000a8       0x48 C:\Users\XuanThang\Desktop\SDK_1.0.3_NUCLEO-F401RE-20260225T073314Z-1-001\SDK_1.0.3_NUCLEO-F401RE\lib_stm\libLibraries.a(stm32f401re_exti.o)
 .debug_ranges  0x000000f0       0x40 C:\Users\XuanThang\Desktop\SDK_1.0.3_NUCLEO-F401RE-20260225T073314Z-1-001\SDK_1.0.3_NUCLEO-F401RE\lib_stm\libLibraries.a(stm32f401re_syscfg.o)
