15:08:33 **** Incremental Build of configuration Debug for project Bai8_CauHinhNgatGPIO ****
make -j16 all 
arm-none-eabi-gcc -mcpu=cortex-m4 -g3 -DDEBUG -c -x assembler-with-cpp -MMD -MP -MF"Startup/startup_stm32f401retx.d" -MT"Startup/startup_stm32f401retx.o" --specs=nano.specs -mfpu=fpv4-sp-d16 -mfloat-abi=hard -mthumb -o "Startup/startup_stm32f401retx.o" "../Startup/startup_stm32f401retx.s"
arm-none-eabi-gcc "../Src/Bai2.c" -mcpu=cortex-m4 -std=gnu11 -g3 -DDEBUG -DNUCLEO_F401RE -DSTM32 -DSTM32F401RETx -DSTM32F4 -c -I../Inc -I"C:/Users/XuanThang/Desktop/SDK_1.0.3_NUCLEO-F401RE-20260225T073314Z-1-001/SDK_1.0.3_NUCLEO-F401RE/shared/Drivers/CMSIS/Include" -I"C:/Users/XuanThang/Desktop/SDK_1.0.3_NUCLEO-F401RE-20260225T073314Z-1-001/SDK_1.0.3_NUCLEO-F401RE/shared/Drivers/CMSIS/Source" -I"C:/Users/XuanThang/Desktop/SDK_1.0.3_NUCLEO-F401RE-20260225T073314Z-1-001/SDK_1.0.3_NUCLEO-F401RE/shared/Drivers/STM32F401RE_StdPeriph_Driver/inc" -I"C:/Users/XuanThang/Desktop/SDK_1.0.3_NUCLEO-F401RE-20260225T073314Z-1-001/SDK_1.0.3_NUCLEO-F401RE/shared/Drivers/STM32F401RE_StdPeriph_Driver/src" -I"C:/Users/XuanThang/Desktop/SDK_1.0.3_NUCLEO-F401RE-20260225T073314Z-1-001/SDK_1.0.3_NUCLEO-F401RE/shared/Middle/button" -I"C:/Users/XuanThang/Desktop/SDK_1.0.3_NUCLEO-F401RE-20260225T073314Z-1-001/SDK_1.0.3_NUCLEO-F401RE/shared/Middle/buzzer" -I"C:/Users/XuanThang/Desktop/SDK_1.0.3_NUCLEO-F401RE-20260225T073314Z-1-001/SDK_1.0.3_NUCLEO-F401RE/shared/Middle/led" -I"C:/Users/XuanThang/Desktop/SDK_1.0.3_NUCLEO-F401RE-20260225T073314Z-1-001/SDK_1.0.3_NUCLEO-F401RE/shared/Middle/rtos" -I"C:/Users/XuanThang/Desktop/SDK_1.0.3_NUCLEO-F401RE-20260225T073314Z-1-001/SDK_1.0.3_NUCLEO-F401RE/shared/Middle/sensor" -I"C:/Users/XuanThang/Desktop/SDK_1.0.3_NUCLEO-F401RE-20260225T073314Z-1-001/SDK_1.0.3_NUCLEO-F401RE/shared/Middle/serial" -I"C:/Users/XuanThang/Desktop/SDK_1.0.3_NUCLEO-F401RE-20260225T073314Z-1-001/SDK_1.0.3_NUCLEO-F401RE/shared/Middle/ucglib" -I"C:/Users/XuanThang/Desktop/SDK_1.0.3_NUCLEO-F401RE-20260225T073314Z-1-001/SDK_1.0.3_NUCLEO-F401RE/shared/Utilities" -O0 -ffunction-sections -fdata-sections -Wall -fstack-usage -fcyclomatic-complexity -MMD -MP -MF"Src/Bai2.d" -MT"Src/Bai2.o" --specs=nano.specs -mfpu=fpv4-sp-d16 -mfloat-abi=hard -mthumb -o "Src/Bai2.o"
arm-none-eabi-gcc "../Src/syscalls.c" -mcpu=cortex-m4 -std=gnu11 -g3 -DDEBUG -DNUCLEO_F401RE -DSTM32 -DSTM32F401RETx -DSTM32F4 -c -I../Inc -I"C:/Users/XuanThang/Desktop/SDK_1.0.3_NUCLEO-F401RE-20260225T073314Z-1-001/SDK_1.0.3_NUCLEO-F401RE/shared/Drivers/CMSIS/Include" -I"C:/Users/XuanThang/Desktop/SDK_1.0.3_NUCLEO-F401RE-20260225T073314Z-1-001/SDK_1.0.3_NUCLEO-F401RE/shared/Drivers/CMSIS/Source" -I"C:/Users/XuanThang/Desktop/SDK_1.0.3_NUCLEO-F401RE-20260225T073314Z-1-001/SDK_1.0.3_NUCLEO-F401RE/shared/Drivers/STM32F401RE_StdPeriph_Driver/inc" -I"C:/Users/XuanThang/Desktop/SDK_1.0.3_NUCLEO-F401RE-20260225T073314Z-1-001/SDK_1.0.3_NUCLEO-F401RE/shared/Drivers/STM32F401RE_StdPeriph_Driver/src" -I"C:/Users/XuanThang/Desktop/SDK_1.0.3_NUCLEO-F401RE-20260225T073314Z-1-001/SDK_1.0.3_NUCLEO-F401RE/shared/Middle/button" -I"C:/Users/XuanThang/Desktop/SDK_1.0.3_NUCLEO-F401RE-20260225T073314Z-1-001/SDK_1.0.3_NUCLEO-F401RE/shared/Middle/buzzer" -I"C:/Users/XuanThang/Desktop/SDK_1.0.3_NUCLEO-F401RE-20260225T073314Z-1-001/SDK_1.0.3_NUCLEO-F401RE/shared/Middle/led" -I"C:/Users/XuanThang/Desktop/SDK_1.0.3_NUCLEO-F401RE-20260225T073314Z-1-001/SDK_1.0.3_NUCLEO-F401RE/shared/Middle/rtos" -I"C:/Users/XuanThang/Desktop/SDK_1.0.3_NUCLEO-F401RE-20260225T073314Z-1-001/SDK_1.0.3_NUCLEO-F401RE/shared/Middle/sensor" -I"C:/Users/XuanThang/Desktop/SDK_1.0.3_NUCLEO-F401RE-20260225T073314Z-1-001/SDK_1.0.3_NUCLEO-F401RE/shared/Middle/serial" -I"C:/Users/XuanThang/Desktop/SDK_1.0.3_NUCLEO-F401RE-20260225T073314Z-1-001/SDK_1.0.3_NUCLEO-F401RE/shared/Middle/ucglib" -I"C:/Users/XuanThang/Desktop/SDK_1.0.3_NUCLEO-F401RE-20260225T073314Z-1-001/SDK_1.0.3_NUCLEO-F401RE/shared/Utilities" -O0 -ffunction-sections -fdata-sections -Wall -fstack-usage -fcyclomatic-complexity -MMD -MP -MF"Src/syscalls.d" -MT"Src/syscalls.o" --specs=nano.specs -mfpu=fpv4-sp-d16 -mfloat-abi=hard -mthumb -o "Src/syscalls.o"
arm-none-eabi-gcc "../Src/sysmem.c" -mcpu=cortex-m4 -std=gnu11 -g3 -DDEBUG -DNUCLEO_F401RE -DSTM32 -DSTM32F401RETx -DSTM32F4 -c -I../Inc -I"C:/Users/XuanThang/Desktop/SDK_1.0.3_NUCLEO-F401RE-20260225T073314Z-1-001/SDK_1.0.3_NUCLEO-F401RE/shared/Drivers/CMSIS/Include" -I"C:/Users/XuanThang/Desktop/SDK_1.0.3_NUCLEO-F401RE-20260225T073314Z-1-001/SDK_1.0.3_NUCLEO-F401RE/shared/Drivers/CMSIS/Source" -I"C:/Users/XuanThang/Desktop/SDK_1.0.3_NUCLEO-F401RE-20260225T073314Z-1-001/SDK_1.0.3_NUCLEO-F401RE/shared/Drivers/STM32F401RE_StdPeriph_Driver/inc" -I"C:/Users/XuanThang/Desktop/SDK_1.0.3_NUCLEO-F401RE-20260225T073314Z-1-001/SDK_1.0.3_NUCLEO-F401RE/shared/Drivers/STM32F401RE_StdPeriph_Driver/src" -I"C:/Users/XuanThang/Desktop/SDK_1.0.3_NUCLEO-F401RE-20260225T073314Z-1-001/SDK_1.0.3_NUCLEO-F401RE/shared/Middle/button" -I"C:/Users/XuanThang/Desktop/SDK_1.0.3_NUCLEO-F401RE-20260225T073314Z-1-001/SDK_1.0.3_NUCLEO-F401RE/shared/Middle/buzzer" -I"C:/Users/XuanThang/Desktop/SDK_1.0.3_NUCLEO-F401RE-20260225T073314Z-1-001/SDK_1.0.3_NUCLEO-F401RE/shared/Middle/led" -I"C:/Users/XuanThang/Desktop/SDK_1.0.3_NUCLEO-F401RE-20260225T073314Z-1-001/SDK_1.0.3_NUCLEO-F401RE/shared/Middle/rtos" -I"C:/Users/XuanThang/Desktop/SDK_1.0.3_NUCLEO-F401RE-20260225T073314Z-1-001/SDK_1.0.3_NUCLEO-F401RE/shared/Middle/sensor" -I"C:/Users/XuanThang/Desktop/SDK_1.0.3_NUCLEO-F401RE-20260225T073314Z-1-001/SDK_1.0.3_NUCLEO-F401RE/shared/Middle/serial" -I"C:/Users/XuanThang/Desktop/SDK_1.0.3_NUCLEO-F401RE-20260225T073314Z-1-001/SDK_1.0.3_NUCLEO-F401RE/shared/Middle/ucglib" -I"C:/Users/XuanThang/Desktop/SDK_1.0.3_NUCLEO-F401RE-20260225T073314Z-1-001/SDK_1.0.3_NUCLEO-F401RE/shared/Utilities" -O0 -ffunction-sections -fdata-sections -Wall -fstack-usage -fcyclomatic-complexity -MMD -MP -MF"Src/sysmem.d" -MT"Src/sysmem.o" --specs=nano.specs -mfpu=fpv4-sp-d16 -mfloat-abi=hard -mthumb -o "Src/sysmem.o"
arm-none-eabi-gcc "C:/Users/XuanThang/Desktop/SDK_1.0.3_NUCLEO-F401RE-20260225T073314Z-1-001/SDK_1.0.3_NUCLEO-F401RE/shared/Utilities/buff.c" -mcpu=cortex-m4 -std=gnu11 -g3 -DDEBUG -DNUCLEO_F401RE -DSTM32 -DSTM32F401RETx -DSTM32F4 -c -I../Inc -I"C:/Users/XuanThang/Desktop/SDK_1.0.3_NUCLEO-F401RE-20260225T073314Z-1-001/SDK_1.0.3_NUCLEO-F401RE/shared/Drivers/CMSIS/Include" -I"C:/Users/XuanThang/Desktop/SDK_1.0.3_NUCLEO-F401RE-20260225T073314Z-1-001/SDK_1.0.3_NUCLEO-F401RE/shared/Drivers/CMSIS/Source" -I"C:/Users/XuanThang/Desktop/SDK_1.0.3_NUCLEO-F401RE-20260225T073314Z-1-001/SDK_1.0.3_NUCLEO-F401RE/shared/Drivers/STM32F401RE_StdPeriph_Driver/inc" -I"C:/Users/XuanThang/Desktop/SDK_1.0.3_NUCLEO-F401RE-20260225T073314Z-1-001/SDK_1.0.3_NUCLEO-F401RE/shared/Drivers/STM32F401RE_StdPeriph_Driver/src" -I"C:/Users/XuanThang/Desktop/SDK_1.0.3_NUCLEO-F401RE-20260225T073314Z-1-001/SDK_1.0.3_NUCLEO-F401RE/shared/Middle/button" -I"C:/Users/XuanThang/Desktop/SDK_1.0.3_NUCLEO-F401RE-20260225T073314Z-1-001/SDK_1.0.3_NUCLEO-F401RE/shared/Middle/buzzer" -I"C:/Users/XuanThang/Desktop/SDK_1.0.3_NUCLEO-F401RE-20260225T073314Z-1-001/SDK_1.0.3_NUCLEO-F401RE/shared/Middle/led" -I"C:/Users/XuanThang/Desktop/SDK_1.0.3_NUCLEO-F401RE-20260225T073314Z-1-001/SDK_1.0.3_NUCLEO-F401RE/shared/Middle/rtos" -I"C:/Users/XuanThang/Desktop/SDK_1.0.3_NUCLEO-F401RE-20260225T073314Z-1-001/SDK_1.0.3_NUCLEO-F401RE/shared/Middle/sensor" -I"C:/Users/XuanThang/Desktop/SDK_1.0.3_NUCLEO-F401RE-20260225T073314Z-1-001/SDK_1.0.3_NUCLEO-F401RE/shared/Middle/serial" -I"C:/Users/XuanThang/Desktop/SDK_1.0.3_NUCLEO-F401RE-20260225T073314Z-1-001/SDK_1.0.3_NUCLEO-F401RE/shared/Middle/ucglib" -I"C:/Users/XuanThang/Desktop/SDK_1.0.3_NUCLEO-F401RE-20260225T073314Z-1-001/SDK_1.0.3_NUCLEO-F401RE/shared/Utilities" -O0 -ffunction-sections -fdata-sections -Wall -fstack-usage -fcyclomatic-complexity -MMD -MP -MF"SDK_1.0.3_NUCLEO-F401RE-20260225T073314Z-1-001/SDK_1.0.3_NUCLEO-F401RE/shared/Utilities/buff.d" -MT"SDK_1.0.3_NUCLEO-F401RE-20260225T073314Z-1-001/SDK_1.0.3_NUCLEO-F401RE/shared/Utilities/buff.o" --specs=nano.specs -mfpu=fpv4-sp-d16 -mfloat-abi=hard -mthumb -o "SDK_1.0.3_NUCLEO-F401RE-20260225T073314Z-1-001/SDK_1.0.3_NUCLEO-F401RE/shared/Utilities/buff.o"
arm-none-eabi-gcc "C:/Users/XuanThang/Desktop/SDK_1.0.3_NUCLEO-F401RE-20260225T073314Z-1-001/SDK_1.0.3_NUCLEO-F401RE/shared/Utilities/utilities.c" -mcpu=cortex-m4 -std=gnu11 -g3 -DDEBUG -DNUCLEO_F401RE -DSTM32 -DSTM32F401RETx -DSTM32F4 -c -I../Inc -I"C:/Users/XuanThang/Desktop/SDK_1.0.3_NUCLEO-F401RE-20260225T073314Z-1-001/SDK_1.0.3_NUCLEO-F401RE/shared/Drivers/CMSIS/Include" -I"C:/Users/XuanThang/Desktop/SDK_1.0.3_NUCLEO-F401RE-20260225T073314Z-1-001/SDK_1.0.3_NUCLEO-F401RE/shared/Drivers/CMSIS/Source" -I"C:/Users/XuanThang/Desktop/SDK_1.0.3_NUCLEO-F401RE-20260225T073314Z-1-001/SDK_1.0.3_NUCLEO-F401RE/shared/Drivers/STM32F401RE_StdPeriph_Driver/inc" -I"C:/Users/XuanThang/Desktop/SDK_1.0.3_NUCLEO-F401RE-20260225T073314Z-1-001/SDK_1.0.3_NUCLEO-F401RE/shared/Drivers/STM32F401RE_StdPeriph_Driver/src" -I"C:/Users/XuanThang/Desktop/SDK_1.0.3_NUCLEO-F401RE-20260225T073314Z-1-001/SDK_1.0.3_NUCLEO-F401RE/shared/Middle/button" -I"C:/Users/XuanThang/Desktop/SDK_1.0.3_NUCLEO-F401RE-20260225T073314Z-1-001/SDK_1.0.3_NUCLEO-F401RE/shared/Middle/buzzer" -I"C:/Users/XuanThang/Desktop/SDK_1.0.3_NUCLEO-F401RE-20260225T073314Z-1-001/SDK_1.0.3_NUCLEO-F401RE/shared/Middle/led" -I"C:/Users/XuanThang/Desktop/SDK_1.0.3_NUCLEO-F401RE-20260225T073314Z-1-001/SDK_1.0.3_NUCLEO-F401RE/shared/Middle/rtos" -I"C:/Users/XuanThang/Desktop/SDK_1.0.3_NUCLEO-F401RE-20260225T073314Z-1-001/SDK_1.0.3_NUCLEO-F401RE/shared/Middle/sensor" -I"C:/Users/XuanThang/Desktop/SDK_1.0.3_NUCLEO-F401RE-20260225T073314Z-1-001/SDK_1.0.3_NUCLEO-F401RE/shared/Middle/serial" -I"C:/Users/XuanThang/Desktop/SDK_1.0.3_NUCLEO-F401RE-20260225T073314Z-1-001/SDK_1.0.3_NUCLEO-F401RE/shared/Middle/ucglib" -I"C:/Users/XuanThang/Desktop/SDK_1.0.3_NUCLEO-F401RE-20260225T073314Z-1-001/SDK_1.0.3_NUCLEO-F401RE/shared/Utilities" -O0 -ffunction-sections -fdata-sections -Wall -fstack-usage -fcyclomatic-complexity -MMD -MP -MF"SDK_1.0.3_NUCLEO-F401RE-20260225T073314Z-1-001/SDK_1.0.3_NUCLEO-F401RE/shared/Utilities/utilities.d" -MT"SDK_1.0.3_NUCLEO-F401RE-20260225T073314Z-1-001/SDK_1.0.3_NUCLEO-F401RE/shared/Utilities/utilities.o" --specs=nano.specs -mfpu=fpv4-sp-d16 -mfloat-abi=hard -mthumb -o "SDK_1.0.3_NUCLEO-F401RE-20260225T073314Z-1-001/SDK_1.0.3_NUCLEO-F401RE/shared/Utilities/utilities.o"
arm-none-eabi-gcc "C:/Users/XuanThang/Desktop/SDK_1.0.3_NUCLEO-F401RE-20260225T073314Z-1-001/SDK_1.0.3_NUCLEO-F401RE/shared/Drivers/STM32F401RE_StdPeriph_Driver/src/stm32f401re_rcc.c" -mcpu=cortex-m4 -std=gnu11 -g3 -DDEBUG -DNUCLEO_F401RE -DSTM32 -DSTM32F401RETx -DSTM32F4 -c -I../Inc -I"C:/Users/XuanThang/Desktop/SDK_1.0.3_NUCLEO-F401RE-20260225T073314Z-1-001/SDK_1.0.3_NUCLEO-F401RE/shared/Drivers/CMSIS/Include" -I"C:/Users/XuanThang/Desktop/SDK_1.0.3_NUCLEO-F401RE-20260225T073314Z-1-001/SDK_1.0.3_NUCLEO-F401RE/shared/Drivers/CMSIS/Source" -I"C:/Users/XuanThang/Desktop/SDK_1.0.3_NUCLEO-F401RE-20260225T073314Z-1-001/SDK_1.0.3_NUCLEO-F401RE/shared/Drivers/STM32F401RE_StdPeriph_Driver/inc" -I"C:/Users/XuanThang/Desktop/SDK_1.0.3_NUCLEO-F401RE-20260225T073314Z-1-001/SDK_1.0.3_NUCLEO-F401RE/shared/Drivers/STM32F401RE_StdPeriph_Driver/src" -I"C:/Users/XuanThang/Desktop/SDK_1.0.3_NUCLEO-F401RE-20260225T073314Z-1-001/SDK_1.0.3_NUCLEO-F401RE/shared/Middle/button" -I"C:/Users/XuanThang/Desktop/SDK_1.0.3_NUCLEO-F401RE-20260225T073314Z-1-001/SDK_1.0.3_NUCLEO-F401RE/shared/Middle/buzzer" -I"C:/Users/XuanThang/Desktop/SDK_1.0.3_NUCLEO-F401RE-20260225T073314Z-1-001/SDK_1.0.3_NUCLEO-F401RE/shared/Middle/led" -I"C:/Users/XuanThang/Desktop/SDK_1.0.3_NUCLEO-F401RE-20260225T073314Z-1-001/SDK_1.0.3_NUCLEO-F401RE/shared/Middle/rtos" -I"C:/Users/XuanThang/Desktop/SDK_1.0.3_NUCLEO-F401RE-20260225T073314Z-1-001/SDK_1.0.3_NUCLEO-F401RE/shared/Middle/sensor" -I"C:/Users/XuanThang/Desktop/SDK_1.0.3_NUCLEO-F401RE-20260225T073314Z-1-001/SDK_1.0.3_NUCLEO-F401RE/shared/Middle/serial" -I"C:/Users/XuanThang/Desktop/SDK_1.0.3_NUCLEO-F401RE-20260225T073314Z-1-001/SDK_1.0.3_NUCLEO-F401RE/shared/Middle/ucglib" -I"C:/Users/XuanThang/Desktop/SDK_1.0.3_NUCLEO-F401RE-20260225T073314Z-1-001/SDK_1.0.3_NUCLEO-F401RE/shared/Utilities" -O0 -ffunction-sections -fdata-sections -Wall -fstack-usage -fcyclomatic-complexity -MMD -MP -MF"SDK_1.0.3_NUCLEO-F401RE-20260225T073314Z-1-001/SDK_1.0.3_NUCLEO-F401RE/shared/Drivers/STM32F401RE_StdPeriph_Driver/src/stm32f401re_rcc.d" -MT"SDK_1.0.3_NUCLEO-F401RE-20260225T073314Z-1-001/SDK_1.0.3_NUCLEO-F401RE/shared/Drivers/STM32F401RE_StdPeriph_Driver/src/stm32f401re_rcc.o" --specs=nano.specs -mfpu=fpv4-sp-d16 -mfloat-abi=hard -mthumb -o "SDK_1.0.3_NUCLEO-F401RE-20260225T073314Z-1-001/SDK_1.0.3_NUCLEO-F401RE/shared/Drivers/STM32F401RE_StdPeriph_Driver/src/stm32f401re_rcc.o"
arm-none-eabi-gcc "C:/Users/XuanThang/Desktop/SDK_1.0.3_NUCLEO-F401RE-20260225T073314Z-1-001/SDK_1.0.3_NUCLEO-F401RE/shared/Drivers/CMSIS/Source/system_stm32f4xx.c" -mcpu=cortex-m4 -std=gnu11 -g3 -DDEBUG -DNUCLEO_F401RE -DSTM32 -DSTM32F401RETx -DSTM32F4 -c -I../Inc -I"C:/Users/XuanThang/Desktop/SDK_1.0.3_NUCLEO-F401RE-20260225T073314Z-1-001/SDK_1.0.3_NUCLEO-F401RE/shared/Drivers/CMSIS/Include" -I"C:/Users/XuanThang/Desktop/SDK_1.0.3_NUCLEO-F401RE-20260225T073314Z-1-001/SDK_1.0.3_NUCLEO-F401RE/shared/Drivers/CMSIS/Source" -I"C:/Users/XuanThang/Desktop/SDK_1.0.3_NUCLEO-F401RE-20260225T073314Z-1-001/SDK_1.0.3_NUCLEO-F401RE/shared/Drivers/STM32F401RE_StdPeriph_Driver/inc" -I"C:/Users/XuanThang/Desktop/SDK_1.0.3_NUCLEO-F401RE-20260225T073314Z-1-001/SDK_1.0.3_NUCLEO-F401RE/shared/Drivers/STM32F401RE_StdPeriph_Driver/src" -I"C:/Users/XuanThang/Desktop/SDK_1.0.3_NUCLEO-F401RE-20260225T073314Z-1-001/SDK_1.0.3_NUCLEO-F401RE/shared/Middle/button" -I"C:/Users/XuanThang/Desktop/SDK_1.0.3_NUCLEO-F401RE-20260225T073314Z-1-001/SDK_1.0.3_NUCLEO-F401RE/shared/Middle/buzzer" -I"C:/Users/XuanThang/Desktop/SDK_1.0.3_NUCLEO-F401RE-20260225T073314Z-1-001/SDK_1.0.3_NUCLEO-F401RE/shared/Middle/led" -I"C:/Users/XuanThang/Desktop/SDK_1.0.3_NUCLEO-F401RE-20260225T073314Z-1-001/SDK_1.0.3_NUCLEO-F401RE/shared/Middle/rtos" -I"C:/Users/XuanThang/Desktop/SDK_1.0.3_NUCLEO-F401RE-20260225T073314Z-1-001/SDK_1.0.3_NUCLEO-F401RE/shared/Middle/sensor" -I"C:/Users/XuanThang/Desktop/SDK_1.0.3_NUCLEO-F401RE-20260225T073314Z-1-001/SDK_1.0.3_NUCLEO-F401RE/shared/Middle/serial" -I"C:/Users/XuanThang/Desktop/SDK_1.0.3_NUCLEO-F401RE-20260225T073314Z-1-001/SDK_1.0.3_NUCLEO-F401RE/shared/Middle/ucglib" -I"C:/Users/XuanThang/Desktop/SDK_1.0.3_NUCLEO-F401RE-20260225T073314Z-1-001/SDK_1.0.3_NUCLEO-F401RE/shared/Utilities" -O0 -ffunction-sections -fdata-sections -Wall -fstack-usage -fcyclomatic-complexity -MMD -MP -MF"SDK_1.0.3_NUCLEO-F401RE-20260225T073314Z-1-001/SDK_1.0.3_NUCLEO-F401RE/shared/Drivers/CMSIS/Source/system_stm32f4xx.d" -MT"SDK_1.0.3_NUCLEO-F401RE-20260225T073314Z-1-001/SDK_1.0.3_NUCLEO-F401RE/shared/Drivers/CMSIS/Source/system_stm32f4xx.o" --specs=nano.specs -mfpu=fpv4-sp-d16 -mfloat-abi=hard -mthumb -o "SDK_1.0.3_NUCLEO-F401RE-20260225T073314Z-1-001/SDK_1.0.3_NUCLEO-F401RE/shared/Drivers/CMSIS/Source/system_stm32f4xx.o"
arm-none-eabi-gcc -o "Bai8_CauHinhNgatGPIO.elf" @"objects.list"  -lLibraries -mcpu=cortex-m4 -T"C:\Users\XuanThang\STM32CubeIDE\NguyenPhuongDung_HeThongNhungIoT\Bai8_CauHinhNgatGPIO\STM32F401RETX_FLASH.ld" --specs=nosys.specs -Wl,-Map="Bai8_CauHinhNgatGPIO.map" -Wl,--gc-sections -static -L"C:\Users\XuanThang\Desktop\SDK_1.0.3_NUCLEO-F401RE-20260225T073314Z-1-001\SDK_1.0.3_NUCLEO-F401RE\lib_stm" --specs=nano.specs -mfpu=fpv4-sp-d16 -mfloat-abi=hard -mthumb -Wl,--start-group -lc -lm -Wl,--end-group
Finished building target: Bai8_CauHinhNgatGPIO.elf
 
arm-none-eabi-size  Bai8_CauHinhNgatGPIO.elf 
arm-none-eabi-objdump -h -S Bai8_CauHinhNgatGPIO.elf  > "Bai8_CauHinhNgatGPIO.list"
   text	   data	    bss	    dec	    hex	filename
   2644	      4	   1572	   4220	   107c	Bai8_CauHinhNgatGPIO.elf
Finished building: default.size.stdout
 
Finished building: Bai8_CauHinhNgatGPIO.list
 

15:08:34 Build Finished. 0 errors, 0 warnings. (took 1s.141ms)

