16:16:09 **** Clean-only build of configuration Debug for project Bai5 ****
make -j16 clean 
rm -rf ./Startup/startup_stm32f401retx.d ./Startup/startup_stm32f401retx.o
rm -rf ./Src/Bai3.cyclo ./Src/Bai3.d ./Src/Bai3.o ./Src/Bai3.su ./Src/syscalls.cyclo ./Src/syscalls.d ./Src/syscalls.o ./Src/syscalls.su ./Src/sysmem.cyclo ./Src/sysmem.d ./Src/sysmem.o ./Src/sysmem.su
rm -rf ./SDK_1.0.3_NUCLEO-F401RE-20260225T073314Z-1-001/SDK_1.0.3_NUCLEO-F401RE/shared/Utilities/buff.cyclo ./SDK_1.0.3_NUCLEO-F401RE-20260225T073314Z-1-001/SDK_1.0.3_NUCLEO-F401RE/shared/Utilities/buff.d ./SDK_1.0.3_NUCLEO-F401RE-20260225T073314Z-1-001/SDK_1.0.3_NUCLEO-F401RE/shared/Utilities/buff.o ./SDK_1.0.3_NUCLEO-F401RE-20260225T073314Z-1-001/SDK_1.0.3_NUCLEO-F401RE/shared/Utilities/buff.su ./SDK_1.0.3_NUCLEO-F401RE-20260225T073314Z-1-001/SDK_1.0.3_NUCLEO-F401RE/shared/Utilities/utilities.cyclo ./SDK_1.0.3_NUCLEO-F401RE-20260225T073314Z-1-001/SDK_1.0.3_NUCLEO-F401RE/shared/Utilities/utilities.d ./SDK_1.0.3_NUCLEO-F401RE-20260225T073314Z-1-001/SDK_1.0.3_NUCLEO-F401RE/shared/Utilities/utilities.o ./SDK_1.0.3_NUCLEO-F401RE-20260225T073314Z-1-001/SDK_1.0.3_NUCLEO-F401RE/shared/Utilities/utilities.su
rm -rf ./SDK_1.0.3_NUCLEO-F401RE-20260225T073314Z-1-001/SDK_1.0.3_NUCLEO-F401RE/shared/Drivers/STM32F401RE_StdPeriph_Driver/src/stm32f401re_rcc.cyclo ./SDK_1.0.3_NUCLEO-F401RE-20260225T073314Z-1-001/SDK_1.0.3_NUCLEO-F401RE/shared/Drivers/STM32F401RE_StdPeriph_Driver/src/stm32f401re_rcc.d ./SDK_1.0.3_NUCLEO-F401RE-20260225T073314Z-1-001/SDK_1.0.3_NUCLEO-F401RE/shared/Drivers/STM32F401RE_StdPeriph_Driver/src/stm32f401re_rcc.o ./SDK_1.0.3_NUCLEO-F401RE-20260225T073314Z-1-001/SDK_1.0.3_NUCLEO-F401RE/shared/Drivers/STM32F401RE_StdPeriph_Driver/src/stm32f401re_rcc.su
rm -rf ./SDK_1.0.3_NUCLEO-F401RE-20260225T073314Z-1-001/SDK_1.0.3_NUCLEO-F401RE/shared/Drivers/CMSIS/Source/system_stm32f4xx.cyclo ./SDK_1.0.3_NUCLEO-F401RE-20260225T073314Z-1-001/SDK_1.0.3_NUCLEO-F401RE/shared/Drivers/CMSIS/Source/system_stm32f4xx.d ./SDK_1.0.3_NUCLEO-F401RE-20260225T073314Z-1-001/SDK_1.0.3_NUCLEO-F401RE/shared/Drivers/CMSIS/Source/system_stm32f4xx.o ./SDK_1.0.3_NUCLEO-F401RE-20260225T073314Z-1-001/SDK_1.0.3_NUCLEO-F401RE/shared/Drivers/CMSIS/Source/system_stm32f4xx.su
rm -rf Bai5_NgoaiViGPIO.elf Bai5_NgoaiViGPIO.list Bai5_NgoaiViGPIO.map default.size.stdout
 
16:16:09 **** Build of configuration Debug for project Bai5 ****
make -j16 all 
arm-none-eabi-gcc -mcpu=cortex-m4 -g3 -DDEBUG -c -x assembler-with-cpp -MMD -MP -MF"Startup/startup_stm32f401retx.d" -MT"Startup/startup_stm32f401retx.o" --specs=nano.specs -mfpu=fpv4-sp-d16 -mfloat-abi=hard -mthumb -o "Startup/startup_stm32f401retx.o" "../Startup/startup_stm32f401retx.s"
arm-none-eabi-gcc "../Src/Bai3.c" -mcpu=cortex-m4 -std=gnu11 -g3 -DDEBUG -DNUCLEO_F401RE -DSTM32 -DSTM32F401RETx -DSTM32F4 -c -I../Inc -I"C:/Users/XuanThang/Desktop/SDK_1.0.3_NUCLEO-F401RE-20260225T073314Z-1-001/SDK_1.0.3_NUCLEO-F401RE/shared/Drivers/CMSIS/Include" -I"C:/Users/XuanThang/Desktop/SDK_1.0.3_NUCLEO-F401RE-20260225T073314Z-1-001/SDK_1.0.3_NUCLEO-F401RE/shared/Drivers/STM32F401RE_StdPeriph_Driver/inc" -I"C:/Users/XuanThang/Desktop/SDK_1.0.3_NUCLEO-F401RE-20260225T073314Z-1-001/SDK_1.0.3_NUCLEO-F401RE/shared/Middle/button" -I"C:/Users/XuanThang/Desktop/SDK_1.0.3_NUCLEO-F401RE-20260225T073314Z-1-001/SDK_1.0.3_NUCLEO-F401RE/shared/Middle/buzzer" -I"C:/Users/XuanThang/Desktop/SDK_1.0.3_NUCLEO-F401RE-20260225T073314Z-1-001/SDK_1.0.3_NUCLEO-F401RE/shared/Middle/led" -I"C:/Users/XuanThang/Desktop/SDK_1.0.3_NUCLEO-F401RE-20260225T073314Z-1-001/SDK_1.0.3_NUCLEO-F401RE/shared/Middle/rtos" -I"C:/Users/XuanThang/Desktop/SDK_1.0.3_NUCLEO-F401RE-20260225T073314Z-1-001/SDK_1.0.3_NUCLEO-F401RE/shared/Middle/sensor" -I"C:/Users/XuanThang/Desktop/SDK_1.0.3_NUCLEO-F401RE-20260225T073314Z-1-001/SDK_1.0.3_NUCLEO-F401RE/shared/Middle/serial" -I"C:/Users/XuanThang/Desktop/SDK_1.0.3_NUCLEO-F401RE-20260225T073314Z-1-001/SDK_1.0.3_NUCLEO-F401RE/shared/Middle/ucglib" -I"C:/Users/XuanThang/Desktop/SDK_1.0.3_NUCLEO-F401RE-20260225T073314Z-1-001/SDK_1.0.3_NUCLEO-F401RE/shared/Utilities" -O0 -ffunction-sections -fdata-sections -Wall -fstack-usage -fcyclomatic-complexity -MMD -MP -MF"Src/Bai3.d" -MT"Src/Bai3.o" --specs=nano.specs -mfpu=fpv4-sp-d16 -mfloat-abi=hard -mthumb -o "Src/Bai3.o"
arm-none-eabi-gcc "../Src/syscalls.c" -mcpu=cortex-m4 -std=gnu11 -g3 -DDEBUG -DNUCLEO_F401RE -DSTM32 -DSTM32F401RETx -DSTM32F4 -c -I../Inc -I"C:/Users/XuanThang/Desktop/SDK_1.0.3_NUCLEO-F401RE-20260225T073314Z-1-001/SDK_1.0.3_NUCLEO-F401RE/shared/Drivers/CMSIS/Include" -I"C:/Users/XuanThang/Desktop/SDK_1.0.3_NUCLEO-F401RE-20260225T073314Z-1-001/SDK_1.0.3_NUCLEO-F401RE/shared/Drivers/STM32F401RE_StdPeriph_Driver/inc" -I"C:/Users/XuanThang/Desktop/SDK_1.0.3_NUCLEO-F401RE-20260225T073314Z-1-001/SDK_1.0.3_NUCLEO-F401RE/shared/Middle/button" -I"C:/Users/XuanThang/Desktop/SDK_1.0.3_NUCLEO-F401RE-20260225T073314Z-1-001/SDK_1.0.3_NUCLEO-F401RE/shared/Middle/buzzer" -I"C:/Users/XuanThang/Desktop/SDK_1.0.3_NUCLEO-F401RE-20260225T073314Z-1-001/SDK_1.0.3_NUCLEO-F401RE/shared/Middle/led" -I"C:/Users/XuanThang/Desktop/SDK_1.0.3_NUCLEO-F401RE-20260225T073314Z-1-001/SDK_1.0.3_NUCLEO-F401RE/shared/Middle/rtos" -I"C:/Users/XuanThang/Desktop/SDK_1.0.3_NUCLEO-F401RE-20260225T073314Z-1-001/SDK_1.0.3_NUCLEO-F401RE/shared/Middle/sensor" -I"C:/Users/XuanThang/Desktop/SDK_1.0.3_NUCLEO-F401RE-20260225T073314Z-1-001/SDK_1.0.3_NUCLEO-F401RE/shared/Middle/serial" -I"C:/Users/XuanThang/Desktop/SDK_1.0.3_NUCLEO-F401RE-20260225T073314Z-1-001/SDK_1.0.3_NUCLEO-F401RE/shared/Middle/ucglib" -I"C:/Users/XuanThang/Desktop/SDK_1.0.3_NUCLEO-F401RE-20260225T073314Z-1-001/SDK_1.0.3_NUCLEO-F401RE/shared/Utilities" -O0 -ffunction-sections -fdata-sections -Wall -fstack-usage -fcyclomatic-complexity -MMD -MP -MF"Src/syscalls.d" -MT"Src/syscalls.o" --specs=nano.specs -mfpu=fpv4-sp-d16 -mfloat-abi=hard -mthumb -o "Src/syscalls.o"
arm-none-eabi-gcc "../Src/sysmem.c" -mcpu=cortex-m4 -std=gnu11 -g3 -DDEBUG -DNUCLEO_F401RE -DSTM32 -DSTM32F401RETx -DSTM32F4 -c -I../Inc -I"C:/Users/XuanThang/Desktop/SDK_1.0.3_NUCLEO-F401RE-20260225T073314Z-1-001/SDK_1.0.3_NUCLEO-F401RE/shared/Drivers/CMSIS/Include" -I"C:/Users/XuanThang/Desktop/SDK_1.0.3_NUCLEO-F401RE-20260225T073314Z-1-001/SDK_1.0.3_NUCLEO-F401RE/shared/Drivers/STM32F401RE_StdPeriph_Driver/inc" -I"C:/Users/XuanThang/Desktop/SDK_1.0.3_NUCLEO-F401RE-20260225T073314Z-1-001/SDK_1.0.3_NUCLEO-F401RE/shared/Middle/button" -I"C:/Users/XuanThang/Desktop/SDK_1.0.3_NUCLEO-F401RE-20260225T073314Z-1-001/SDK_1.0.3_NUCLEO-F401RE/shared/Middle/buzzer" -I"C:/Users/XuanThang/Desktop/SDK_1.0.3_NUCLEO-F401RE-20260225T073314Z-1-001/SDK_1.0.3_NUCLEO-F401RE/shared/Middle/led" -I"C:/Users/XuanThang/Desktop/SDK_1.0.3_NUCLEO-F401RE-20260225T073314Z-1-001/SDK_1.0.3_NUCLEO-F401RE/shared/Middle/rtos" -I"C:/Users/XuanThang/Desktop/SDK_1.0.3_NUCLEO-F401RE-20260225T073314Z-1-001/SDK_1.0.3_NUCLEO-F401RE/shared/Middle/sensor" -I"C:/Users/XuanThang/Desktop/SDK_1.0.3_NUCLEO-F401RE-20260225T073314Z-1-001/SDK_1.0.3_NUCLEO-F401RE/shared/Middle/serial" -I"C:/Users/XuanThang/Desktop/SDK_1.0.3_NUCLEO-F401RE-20260225T073314Z-1-001/SDK_1.0.3_NUCLEO-F401RE/shared/Middle/ucglib" -I"C:/Users/XuanThang/Desktop/SDK_1.0.3_NUCLEO-F401RE-20260225T073314Z-1-001/SDK_1.0.3_NUCLEO-F401RE/shared/Utilities" -O0 -ffunction-sections -fdata-sections -Wall -fstack-usage -fcyclomatic-complexity -MMD -MP -MF"Src/sysmem.d" -MT"Src/sysmem.o" --specs=nano.specs -mfpu=fpv4-sp-d16 -mfloat-abi=hard -mthumb -o "Src/sysmem.o"
arm-none-eabi-gcc "C:/Users/XuanThang/Desktop/SDK_1.0.3_NUCLEO-F401RE-20260225T073314Z-1-001/SDK_1.0.3_NUCLEO-F401RE/shared/Utilities/buff.c" -mcpu=cortex-m4 -std=gnu11 -g3 -DDEBUG -DNUCLEO_F401RE -DSTM32 -DSTM32F401RETx -DSTM32F4 -c -I../Inc -I"C:/Users/XuanThang/Desktop/SDK_1.0.3_NUCLEO-F401RE-20260225T073314Z-1-001/SDK_1.0.3_NUCLEO-F401RE/shared/Drivers/CMSIS/Include" -I"C:/Users/XuanThang/Desktop/SDK_1.0.3_NUCLEO-F401RE-20260225T073314Z-1-001/SDK_1.0.3_NUCLEO-F401RE/shared/Drivers/STM32F401RE_StdPeriph_Driver/inc" -I"C:/Users/XuanThang/Desktop/SDK_1.0.3_NUCLEO-F401RE-20260225T073314Z-1-001/SDK_1.0.3_NUCLEO-F401RE/shared/Middle/button" -I"C:/Users/XuanThang/Desktop/SDK_1.0.3_NUCLEO-F401RE-20260225T073314Z-1-001/SDK_1.0.3_NUCLEO-F401RE/shared/Middle/buzzer" -I"C:/Users/XuanThang/Desktop/SDK_1.0.3_NUCLEO-F401RE-20260225T073314Z-1-001/SDK_1.0.3_NUCLEO-F401RE/shared/Middle/led" -I"C:/Users/XuanThang/Desktop/SDK_1.0.3_NUCLEO-F401RE-20260225T073314Z-1-001/SDK_1.0.3_NUCLEO-F401RE/shared/Middle/rtos" -I"C:/Users/XuanThang/Desktop/SDK_1.0.3_NUCLEO-F401RE-20260225T073314Z-1-001/SDK_1.0.3_NUCLEO-F401RE/shared/Middle/sensor" -I"C:/Users/XuanThang/Desktop/SDK_1.0.3_NUCLEO-F401RE-20260225T073314Z-1-001/SDK_1.0.3_NUCLEO-F401RE/shared/Middle/serial" -I"C:/Users/XuanThang/Desktop/SDK_1.0.3_NUCLEO-F401RE-20260225T073314Z-1-001/SDK_1.0.3_NUCLEO-F401RE/shared/Middle/ucglib" -I"C:/Users/XuanThang/Desktop/SDK_1.0.3_NUCLEO-F401RE-20260225T073314Z-1-001/SDK_1.0.3_NUCLEO-F401RE/shared/Utilities" -O0 -ffunction-sections -fdata-sections -Wall -fstack-usage -fcyclomatic-complexity -MMD -MP -MF"SDK_1.0.3_NUCLEO-F401RE-20260225T073314Z-1-001/SDK_1.0.3_NUCLEO-F401RE/shared/Utilities/buff.d" -MT"SDK_1.0.3_NUCLEO-F401RE-20260225T073314Z-1-001/SDK_1.0.3_NUCLEO-F401RE/shared/Utilities/buff.o" --specs=nano.specs -mfpu=fpv4-sp-d16 -mfloat-abi=hard -mthumb -o "SDK_1.0.3_NUCLEO-F401RE-20260225T073314Z-1-001/SDK_1.0.3_NUCLEO-F401RE/shared/Utilities/buff.o"
arm-none-eabi-gcc "C:/Users/XuanThang/Desktop/SDK_1.0.3_NUCLEO-F401RE-20260225T073314Z-1-001/SDK_1.0.3_NUCLEO-F401RE/shared/Utilities/utilities.c" -mcpu=cortex-m4 -std=gnu11 -g3 -DDEBUG -DNUCLEO_F401RE -DSTM32 -DSTM32F401RETx -DSTM32F4 -c -I../Inc -I"C:/Users/XuanThang/Desktop/SDK_1.0.3_NUCLEO-F401RE-20260225T073314Z-1-001/SDK_1.0.3_NUCLEO-F401RE/shared/Drivers/CMSIS/Include" -I"C:/Users/XuanThang/Desktop/SDK_1.0.3_NUCLEO-F401RE-20260225T073314Z-1-001/SDK_1.0.3_NUCLEO-F401RE/shared/Drivers/STM32F401RE_StdPeriph_Driver/inc" -I"C:/Users/XuanThang/Desktop/SDK_1.0.3_NUCLEO-F401RE-20260225T073314Z-1-001/SDK_1.0.3_NUCLEO-F401RE/shared/Middle/button" -I"C:/Users/XuanThang/Desktop/SDK_1.0.3_NUCLEO-F401RE-20260225T073314Z-1-001/SDK_1.0.3_NUCLEO-F401RE/shared/Middle/buzzer" -I"C:/Users/XuanThang/Desktop/SDK_1.0.3_NUCLEO-F401RE-20260225T073314Z-1-001/SDK_1.0.3_NUCLEO-F401RE/shared/Middle/led" -I"C:/Users/XuanThang/Desktop/SDK_1.0.3_NUCLEO-F401RE-20260225T073314Z-1-001/SDK_1.0.3_NUCLEO-F401RE/shared/Middle/rtos" -I"C:/Users/XuanThang/Desktop/SDK_1.0.3_NUCLEO-F401RE-20260225T073314Z-1-001/SDK_1.0.3_NUCLEO-F401RE/shared/Middle/sensor" -I"C:/Users/XuanThang/Desktop/SDK_1.0.3_NUCLEO-F401RE-20260225T073314Z-1-001/SDK_1.0.3_NUCLEO-F401RE/shared/Middle/serial" -I"C:/Users/XuanThang/Desktop/SDK_1.0.3_NUCLEO-F401RE-20260225T073314Z-1-001/SDK_1.0.3_NUCLEO-F401RE/shared/Middle/ucglib" -I"C:/Users/XuanThang/Desktop/SDK_1.0.3_NUCLEO-F401RE-20260225T073314Z-1-001/SDK_1.0.3_NUCLEO-F401RE/shared/Utilities" -O0 -ffunction-sections -fdata-sections -Wall -fstack-usage -fcyclomatic-complexity -MMD -MP -MF"SDK_1.0.3_NUCLEO-F401RE-20260225T073314Z-1-001/SDK_1.0.3_NUCLEO-F401RE/shared/Utilities/utilities.d" -MT"SDK_1.0.3_NUCLEO-F401RE-20260225T073314Z-1-001/SDK_1.0.3_NUCLEO-F401RE/shared/Utilities/utilities.o" --specs=nano.specs -mfpu=fpv4-sp-d16 -mfloat-abi=hard -mthumb -o "SDK_1.0.3_NUCLEO-F401RE-20260225T073314Z-1-001/SDK_1.0.3_NUCLEO-F401RE/shared/Utilities/utilities.o"
arm-none-eabi-gcc "C:/Users/XuanThang/Desktop/SDK_1.0.3_NUCLEO-F401RE-20260225T073314Z-1-001/SDK_1.0.3_NUCLEO-F401RE/shared/Drivers/STM32F401RE_StdPeriph_Driver/src/stm32f401re_gpio.c" -mcpu=cortex-m4 -std=gnu11 -g3 -DDEBUG -DNUCLEO_F401RE -DSTM32 -DSTM32F401RETx -DSTM32F4 -c -I../Inc -I"C:/Users/XuanThang/Desktop/SDK_1.0.3_NUCLEO-F401RE-20260225T073314Z-1-001/SDK_1.0.3_NUCLEO-F401RE/shared/Drivers/CMSIS/Include" -I"C:/Users/XuanThang/Desktop/SDK_1.0.3_NUCLEO-F401RE-20260225T073314Z-1-001/SDK_1.0.3_NUCLEO-F401RE/shared/Drivers/STM32F401RE_StdPeriph_Driver/inc" -I"C:/Users/XuanThang/Desktop/SDK_1.0.3_NUCLEO-F401RE-20260225T073314Z-1-001/SDK_1.0.3_NUCLEO-F401RE/shared/Middle/button" -I"C:/Users/XuanThang/Desktop/SDK_1.0.3_NUCLEO-F401RE-20260225T073314Z-1-001/SDK_1.0.3_NUCLEO-F401RE/shared/Middle/buzzer" -I"C:/Users/XuanThang/Desktop/SDK_1.0.3_NUCLEO-F401RE-20260225T073314Z-1-001/SDK_1.0.3_NUCLEO-F401RE/shared/Middle/led" -I"C:/Users/XuanThang/Desktop/SDK_1.0.3_NUCLEO-F401RE-20260225T073314Z-1-001/SDK_1.0.3_NUCLEO-F401RE/shared/Middle/rtos" -I"C:/Users/XuanThang/Desktop/SDK_1.0.3_NUCLEO-F401RE-20260225T073314Z-1-001/SDK_1.0.3_NUCLEO-F401RE/shared/Middle/sensor" -I"C:/Users/XuanThang/Desktop/SDK_1.0.3_NUCLEO-F401RE-20260225T073314Z-1-001/SDK_1.0.3_NUCLEO-F401RE/shared/Middle/serial" -I"C:/Users/XuanThang/Desktop/SDK_1.0.3_NUCLEO-F401RE-20260225T073314Z-1-001/SDK_1.0.3_NUCLEO-F401RE/shared/Middle/ucglib" -I"C:/Users/XuanThang/Desktop/SDK_1.0.3_NUCLEO-F401RE-20260225T073314Z-1-001/SDK_1.0.3_NUCLEO-F401RE/shared/Utilities" -O0 -ffunction-sections -fdata-sections -Wall -fstack-usage -fcyclomatic-complexity -MMD -MP -MF"SDK_1.0.3_NUCLEO-F401RE-20260225T073314Z-1-001/SDK_1.0.3_NUCLEO-F401RE/shared/Drivers/STM32F401RE_StdPeriph_Driver/src/stm32f401re_gpio.d" -MT"SDK_1.0.3_NUCLEO-F401RE-20260225T073314Z-1-001/SDK_1.0.3_NUCLEO-F401RE/shared/Drivers/STM32F401RE_StdPeriph_Driver/src/stm32f401re_gpio.o" --specs=nano.specs -mfpu=fpv4-sp-d16 -mfloat-abi=hard -mthumb -o "SDK_1.0.3_NUCLEO-F401RE-20260225T073314Z-1-001/SDK_1.0.3_NUCLEO-F401RE/shared/Drivers/STM32F401RE_StdPeriph_Driver/src/stm32f401re_gpio.o"
arm-none-eabi-gcc "C:/Users/XuanThang/Desktop/SDK_1.0.3_NUCLEO-F401RE-20260225T073314Z-1-001/SDK_1.0.3_NUCLEO-F401RE/shared/Drivers/STM32F401RE_StdPeriph_Driver/src/stm32f401re_rcc.c" -mcpu=cortex-m4 -std=gnu11 -g3 -DDEBUG -DNUCLEO_F401RE -DSTM32 -DSTM32F401RETx -DSTM32F4 -c -I../Inc -I"C:/Users/XuanThang/Desktop/SDK_1.0.3_NUCLEO-F401RE-20260225T073314Z-1-001/SDK_1.0.3_NUCLEO-F401RE/shared/Drivers/CMSIS/Include" -I"C:/Users/XuanThang/Desktop/SDK_1.0.3_NUCLEO-F401RE-20260225T073314Z-1-001/SDK_1.0.3_NUCLEO-F401RE/shared/Drivers/STM32F401RE_StdPeriph_Driver/inc" -I"C:/Users/XuanThang/Desktop/SDK_1.0.3_NUCLEO-F401RE-20260225T073314Z-1-001/SDK_1.0.3_NUCLEO-F401RE/shared/Middle/button" -I"C:/Users/XuanThang/Desktop/SDK_1.0.3_NUCLEO-F401RE-20260225T073314Z-1-001/SDK_1.0.3_NUCLEO-F401RE/shared/Middle/buzzer" -I"C:/Users/XuanThang/Desktop/SDK_1.0.3_NUCLEO-F401RE-20260225T073314Z-1-001/SDK_1.0.3_NUCLEO-F401RE/shared/Middle/led" -I"C:/Users/XuanThang/Desktop/SDK_1.0.3_NUCLEO-F401RE-20260225T073314Z-1-001/SDK_1.0.3_NUCLEO-F401RE/shared/Middle/rtos" -I"C:/Users/XuanThang/Desktop/SDK_1.0.3_NUCLEO-F401RE-20260225T073314Z-1-001/SDK_1.0.3_NUCLEO-F401RE/shared/Middle/sensor" -I"C:/Users/XuanThang/Desktop/SDK_1.0.3_NUCLEO-F401RE-20260225T073314Z-1-001/SDK_1.0.3_NUCLEO-F401RE/shared/Middle/serial" -I"C:/Users/XuanThang/Desktop/SDK_1.0.3_NUCLEO-F401RE-20260225T073314Z-1-001/SDK_1.0.3_NUCLEO-F401RE/shared/Middle/ucglib" -I"C:/Users/XuanThang/Desktop/SDK_1.0.3_NUCLEO-F401RE-20260225T073314Z-1-001/SDK_1.0.3_NUCLEO-F401RE/shared/Utilities" -O0 -ffunction-sections -fdata-sections -Wall -fstack-usage -fcyclomatic-complexity -MMD -MP -MF"SDK_1.0.3_NUCLEO-F401RE-20260225T073314Z-1-001/SDK_1.0.3_NUCLEO-F401RE/shared/Drivers/STM32F401RE_StdPeriph_Driver/src/stm32f401re_rcc.d" -MT"SDK_1.0.3_NUCLEO-F401RE-20260225T073314Z-1-001/SDK_1.0.3_NUCLEO-F401RE/shared/Drivers/STM32F401RE_StdPeriph_Driver/src/stm32f401re_rcc.o" --specs=nano.specs -mfpu=fpv4-sp-d16 -mfloat-abi=hard -mthumb -o "SDK_1.0.3_NUCLEO-F401RE-20260225T073314Z-1-001/SDK_1.0.3_NUCLEO-F401RE/shared/Drivers/STM32F401RE_StdPeriph_Driver/src/stm32f401re_rcc.o"
arm-none-eabi-gcc "C:/Users/XuanThang/Desktop/SDK_1.0.3_NUCLEO-F401RE-20260225T073314Z-1-001/SDK_1.0.3_NUCLEO-F401RE/shared/Drivers/CMSIS/Source/system_stm32f4xx.c" -mcpu=cortex-m4 -std=gnu11 -g3 -DDEBUG -DNUCLEO_F401RE -DSTM32 -DSTM32F401RETx -DSTM32F4 -c -I../Inc -I"C:/Users/XuanThang/Desktop/SDK_1.0.3_NUCLEO-F401RE-20260225T073314Z-1-001/SDK_1.0.3_NUCLEO-F401RE/shared/Drivers/CMSIS/Include" -I"C:/Users/XuanThang/Desktop/SDK_1.0.3_NUCLEO-F401RE-20260225T073314Z-1-001/SDK_1.0.3_NUCLEO-F401RE/shared/Drivers/STM32F401RE_StdPeriph_Driver/inc" -I"C:/Users/XuanThang/Desktop/SDK_1.0.3_NUCLEO-F401RE-20260225T073314Z-1-001/SDK_1.0.3_NUCLEO-F401RE/shared/Middle/button" -I"C:/Users/XuanThang/Desktop/SDK_1.0.3_NUCLEO-F401RE-20260225T073314Z-1-001/SDK_1.0.3_NUCLEO-F401RE/shared/Middle/buzzer" -I"C:/Users/XuanThang/Desktop/SDK_1.0.3_NUCLEO-F401RE-20260225T073314Z-1-001/SDK_1.0.3_NUCLEO-F401RE/shared/Middle/led" -I"C:/Users/XuanThang/Desktop/SDK_1.0.3_NUCLEO-F401RE-20260225T073314Z-1-001/SDK_1.0.3_NUCLEO-F401RE/shared/Middle/rtos" -I"C:/Users/XuanThang/Desktop/SDK_1.0.3_NUCLEO-F401RE-20260225T073314Z-1-001/SDK_1.0.3_NUCLEO-F401RE/shared/Middle/sensor" -I"C:/Users/XuanThang/Desktop/SDK_1.0.3_NUCLEO-F401RE-20260225T073314Z-1-001/SDK_1.0.3_NUCLEO-F401RE/shared/Middle/serial" -I"C:/Users/XuanThang/Desktop/SDK_1.0.3_NUCLEO-F401RE-20260225T073314Z-1-001/SDK_1.0.3_NUCLEO-F401RE/shared/Middle/ucglib" -I"C:/Users/XuanThang/Desktop/SDK_1.0.3_NUCLEO-F401RE-20260225T073314Z-1-001/SDK_1.0.3_NUCLEO-F401RE/shared/Utilities" -O0 -ffunction-sections -fdata-sections -Wall -fstack-usage -fcyclomatic-complexity -MMD -MP -MF"SDK_1.0.3_NUCLEO-F401RE-20260225T073314Z-1-001/SDK_1.0.3_NUCLEO-F401RE/shared/Drivers/CMSIS/Source/system_stm32f4xx.d" -MT"SDK_1.0.3_NUCLEO-F401RE-20260225T073314Z-1-001/SDK_1.0.3_NUCLEO-F401RE/shared/Drivers/CMSIS/Source/system_stm32f4xx.o" --specs=nano.specs -mfpu=fpv4-sp-d16 -mfloat-abi=hard -mthumb -o "SDK_1.0.3_NUCLEO-F401RE-20260225T073314Z-1-001/SDK_1.0.3_NUCLEO-F401RE/shared/Drivers/CMSIS/Source/system_stm32f4xx.o"
arm-none-eabi-gcc -o "Bai5.elf" @"objects.list"  -lLibraries -mcpu=cortex-m4 -T"C:\Users\XuanThang\STM32CubeIDE\NguyenPhuongDung_HeThongNhungIoT\Bai5\STM32F401RETX_FLASH.ld" --specs=nosys.specs -Wl,-Map="Bai5.map" -Wl,--gc-sections -static -L"C:\Users\XuanThang\Desktop\SDK_1.0.3_NUCLEO-F401RE-20260225T073314Z-1-001\SDK_1.0.3_NUCLEO-F401RE\lib_stm" --specs=nano.specs -mfpu=fpv4-sp-d16 -mfloat-abi=hard -mthumb -Wl,--start-group -lc -lm -Wl,--end-group
Finished building target: Bai5.elf
 
arm-none-eabi-size  Bai5.elf 
arm-none-eabi-objdump -h -S Bai5.elf  > "Bai5.list"
   text	   data	    bss	    dec	    hex	filename
   1632	      0	   1568	   3200	    c80	Bai5.elf
Finished building: default.size.stdout
 
Finished building: Bai5.list
 
